Archive member included to satisfy reference by file (symbol)

/usr/lib/gcc/arm-none-eabi/10.3.1/thumb/v7-m/nofp/libgcc.a(_arm_mulsf3.o)
                              CMakeFiles/controller.elf.dir/src/pid.c.obj (__aeabi_fmul)
/usr/lib/gcc/arm-none-eabi/10.3.1/thumb/v7-m/nofp/libgcc.a(_arm_addsubsf3.o)
                              CMakeFiles/controller.elf.dir/src/pid.c.obj (__aeabi_fsub)
/usr/lib/gcc/arm-none-eabi/10.3.1/thumb/v7-m/nofp/libgcc.a(_arm_muldivsf3.o)
                              CMakeFiles/controller.elf.dir/src/pid.c.obj (__aeabi_fdiv)
/usr/lib/gcc/arm-none-eabi/10.3.1/thumb/v7-m/nofp/libgcc.a(_arm_cmpsf2.o)
                              CMakeFiles/controller.elf.dir/src/differential_drive.c.obj (__aeabi_fcmpeq)
/usr/lib/gcc/arm-none-eabi/10.3.1/thumb/v7-m/nofp/libgcc.a(_arm_fixsfsi.o)
                              CMakeFiles/controller.elf.dir/src/differential_drive.c.obj (__aeabi_f2iz)
/usr/lib/gcc/arm-none-eabi/10.3.1/../../../arm-none-eabi/lib/thumb/v7-m/nofp/libg_nano.a(lib_a-atexit.o)
                              /usr/lib/gcc/arm-none-eabi/10.3.1/../../../arm-none-eabi/lib/thumb/v7-m/nofp/crt0.o (atexit)
/usr/lib/gcc/arm-none-eabi/10.3.1/../../../arm-none-eabi/lib/thumb/v7-m/nofp/libg_nano.a(lib_a-exit.o)
                              /usr/lib/gcc/arm-none-eabi/10.3.1/../../../arm-none-eabi/lib/thumb/v7-m/nofp/crt0.o (exit)
/usr/lib/gcc/arm-none-eabi/10.3.1/../../../arm-none-eabi/lib/thumb/v7-m/nofp/libg_nano.a(lib_a-fini.o)
                              /usr/lib/gcc/arm-none-eabi/10.3.1/../../../arm-none-eabi/lib/thumb/v7-m/nofp/crt0.o (__libc_fini_array)
/usr/lib/gcc/arm-none-eabi/10.3.1/../../../arm-none-eabi/lib/thumb/v7-m/nofp/libg_nano.a(lib_a-impure.o)
                              /usr/lib/gcc/arm-none-eabi/10.3.1/../../../arm-none-eabi/lib/thumb/v7-m/nofp/libg_nano.a(lib_a-exit.o) (_global_impure_ptr)
/usr/lib/gcc/arm-none-eabi/10.3.1/../../../arm-none-eabi/lib/thumb/v7-m/nofp/libg_nano.a(lib_a-init.o)
                              /usr/lib/gcc/arm-none-eabi/10.3.1/../../../arm-none-eabi/lib/thumb/v7-m/nofp/crt0.o (__libc_init_array)
/usr/lib/gcc/arm-none-eabi/10.3.1/../../../arm-none-eabi/lib/thumb/v7-m/nofp/libg_nano.a(lib_a-memset.o)
                              /usr/lib/gcc/arm-none-eabi/10.3.1/../../../arm-none-eabi/lib/thumb/v7-m/nofp/crt0.o (memset)
/usr/lib/gcc/arm-none-eabi/10.3.1/../../../arm-none-eabi/lib/thumb/v7-m/nofp/libg_nano.a(lib_a-__atexit.o)
                              /usr/lib/gcc/arm-none-eabi/10.3.1/../../../arm-none-eabi/lib/thumb/v7-m/nofp/libg_nano.a(lib_a-atexit.o) (__register_exitproc)
/usr/lib/gcc/arm-none-eabi/10.3.1/../../../arm-none-eabi/lib/thumb/v7-m/nofp/libg_nano.a(lib_a-__call_atexit.o)
                              /usr/lib/gcc/arm-none-eabi/10.3.1/../../../arm-none-eabi/lib/thumb/v7-m/nofp/libg_nano.a(lib_a-__atexit.o) (__call_exitprocs)
/usr/lib/gcc/arm-none-eabi/10.3.1/../../../arm-none-eabi/lib/thumb/v7-m/nofp/libnosys.a(_exit.o)
                              /usr/lib/gcc/arm-none-eabi/10.3.1/../../../arm-none-eabi/lib/thumb/v7-m/nofp/libg_nano.a(lib_a-exit.o) (_exit)

Discarded input sections

 .text          0x0000000000000000        0x0 /usr/lib/gcc/arm-none-eabi/10.3.1/thumb/v7-m/nofp/crti.o
 .data          0x0000000000000000        0x0 /usr/lib/gcc/arm-none-eabi/10.3.1/thumb/v7-m/nofp/crti.o
 .bss           0x0000000000000000        0x0 /usr/lib/gcc/arm-none-eabi/10.3.1/thumb/v7-m/nofp/crti.o
 .data          0x0000000000000000        0x4 /usr/lib/gcc/arm-none-eabi/10.3.1/thumb/v7-m/nofp/crtbegin.o
 .rodata        0x0000000000000000       0x24 /usr/lib/gcc/arm-none-eabi/10.3.1/thumb/v7-m/nofp/crtbegin.o
 .text          0x0000000000000000       0x70 /usr/lib/gcc/arm-none-eabi/10.3.1/../../../arm-none-eabi/lib/thumb/v7-m/nofp/crt0.o
 .data          0x0000000000000000        0x0 /usr/lib/gcc/arm-none-eabi/10.3.1/../../../arm-none-eabi/lib/thumb/v7-m/nofp/crt0.o
 .bss           0x0000000000000000        0x0 /usr/lib/gcc/arm-none-eabi/10.3.1/../../../arm-none-eabi/lib/thumb/v7-m/nofp/crt0.o
 .ARM.extab     0x0000000000000000        0x0 /usr/lib/gcc/arm-none-eabi/10.3.1/../../../arm-none-eabi/lib/thumb/v7-m/nofp/crt0.o
 .ARM.exidx     0x0000000000000000       0x10 /usr/lib/gcc/arm-none-eabi/10.3.1/../../../arm-none-eabi/lib/thumb/v7-m/nofp/crt0.o
 .debug_line    0x0000000000000000       0x87 /usr/lib/gcc/arm-none-eabi/10.3.1/../../../arm-none-eabi/lib/thumb/v7-m/nofp/crt0.o
 .debug_info    0x0000000000000000       0x26 /usr/lib/gcc/arm-none-eabi/10.3.1/../../../arm-none-eabi/lib/thumb/v7-m/nofp/crt0.o
 .debug_abbrev  0x0000000000000000       0x14 /usr/lib/gcc/arm-none-eabi/10.3.1/../../../arm-none-eabi/lib/thumb/v7-m/nofp/crt0.o
 .debug_aranges
                0x0000000000000000       0x20 /usr/lib/gcc/arm-none-eabi/10.3.1/../../../arm-none-eabi/lib/thumb/v7-m/nofp/crt0.o
 .debug_str     0x0000000000000000       0x94 /usr/lib/gcc/arm-none-eabi/10.3.1/../../../arm-none-eabi/lib/thumb/v7-m/nofp/crt0.o
 .ARM.attributes
[...]
Memory Configuration

Name             Origin             Length             Attributes
RAM              0x0000000020000000 0x0000000000005000 xrw
FLASH            0x0000000008000000 0x0000000000010000 xr
*default*        0x0000000000000000 0xffffffffffffffff

Linker script and memory map

LOAD /usr/lib/gcc/arm-none-eabi/10.3.1/thumb/v7-m/nofp/crti.o
LOAD /usr/lib/gcc/arm-none-eabi/10.3.1/thumb/v7-m/nofp/crtbegin.o
LOAD /usr/lib/gcc/arm-none-eabi/10.3.1/../../../arm-none-eabi/lib/thumb/v7-m/nofp/crt0.o
LOAD /usr/lib/gcc/arm-none-eabi/10.3.1/../../../arm-none-eabi/lib/thumb/v7-m/nofp/libm.a
LOAD CMakeFiles/controller.elf.dir/src/main.c.obj
LOAD CMakeFiles/controller.elf.dir/src/pid.c.obj
LOAD CMakeFiles/controller.elf.dir/src/imu.c.obj
LOAD CMakeFiles/controller.elf.dir/src/encoder.c.obj
LOAD CMakeFiles/controller.elf.dir/src/motor.c.obj
LOAD CMakeFiles/controller.elf.dir/src/differential_drive.c.obj
LOAD CMakeFiles/controller.elf.dir/src/stm32f1xx_it.c.obj
LOAD CMakeFiles/controller.elf.dir/src/stm32f1xx_hal_msp.c.obj
LOAD CMakeFiles/controller.elf.dir/src/system_stm32f1xx.c.obj
LOAD CMakeFiles/controller.elf.dir/startup/startup_stm32f103xb.s.obj
LOAD CMakeFiles/controller.elf.dir/media/mohamed/Robotics1/repos/embedded_for_robotics/STM32Cube_FW_F1_V1.8.0/Drivers/STM32F1xx_HAL_Driver/Src/stm32f1xx_hal.c.obj
LOAD CMakeFiles/controller.elf.dir/media/mohamed/Robotics1/repos/embedded_for_robotics/STM32Cube_FW_F1_V1.8.0/Drivers/STM32F1xx_HAL_Driver/Src/stm32f1xx_hal_cortex.c.obj
LOAD CMakeFiles/controller.elf.dir/media/mohamed/Robotics1/repos/embedded_for_robotics/STM32Cube_FW_F1_V1.8.0/Drivers/STM32F1xx_HAL_Driver/Src/stm32f1xx_hal_dma.c.obj
LOAD CMakeFiles/controller.elf.dir/media/mohamed/Robotics1/repos/embedded_for_robotics/STM32Cube_FW_F1_V1.8.0/Drivers/STM32F1xx_HAL_Driver/Src/stm32f1xx_hal_flash.c.obj
LOAD CMakeFiles/controller.elf.dir/media/mohamed/Robotics1/repos/embedded_for_robotics/STM32Cube_FW_F1_V1.8.0/Drivers/STM32F1xx_HAL_Driver/Src/stm32f1xx_hal_flash_ex.c.obj
LOAD CMakeFiles/controller.elf.dir/media/mohamed/Robotics1/repos/embedded_for_robotics/STM32Cube_FW_F1_V1.8.0/Drivers/STM32F1xx_HAL_Driver/Src/stm32f1xx_hal_gpio.c.obj
LOAD CMakeFiles/controller.elf.dir/media/mohamed/Robotics1/repos/embedded_for_robotics/STM32Cube_FW_F1_V1.8.0/Drivers/STM32F1xx_HAL_Driver/Src/stm32f1xx_hal_i2c.c.obj
LOAD CMakeFiles/controller.elf.dir/media/mohamed/Robotics1/repos/embedded_for_robotics/STM32Cube_FW_F1_V1.8.0/Drivers/STM32F1xx_HAL_Driver/Src/stm32f1xx_hal_pwr.c.obj
LOAD CMakeFiles/controller.elf.dir/media/mohamed/Robotics1/repos/embedded_for_robotics/STM32Cube_FW_F1_V1.8.0/Drivers/STM32F1xx_HAL_Driver/Src/stm32f1xx_hal_rcc.c.obj
LOAD CMakeFiles/controller.elf.dir/media/mohamed/Robotics1/repos/embedded_for_robotics/STM32Cube_FW_F1_V1.8.0/Drivers/STM32F1xx_HAL_Driver/Src/stm32f1xx_hal_rcc_ex.c.obj
LOAD CMakeFiles/controller.elf.dir/media/mohamed/Robotics1/repos/embedded_for_robotics/STM32Cube_FW_F1_V1.8.0/Drivers/STM32F1xx_HAL_Driver/Src/stm32f1xx_hal_tim.c.obj
LOAD CMakeFiles/controller.elf.dir/media/mohamed/Robotics1/repos/embedded_for_robotics/STM32Cube_FW_F1_V1.8.0/Drivers/STM32F1xx_HAL_Driver/Src/stm32f1xx_hal_tim_ex.c.obj
START GROUP
LOAD /usr/lib/gcc/arm-none-eabi/10.3.1/thumb/v7-m/nofp/libgcc.a
LOAD /usr/lib/gcc/arm-none-eabi/10.3.1/../../../arm-none-eabi/lib/thumb/v7-m/nofp/libg_nano.a
LOAD /usr/lib/gcc/arm-none-eabi/10.3.1/../../../arm-none-eabi/lib/thumb/v7-m/nofp/libc_nano.a
END GROUP
START GROUP
LOAD /usr/lib/gcc/arm-none-eabi/10.3.1/thumb/v7-m/nofp/libgcc.a
LOAD /usr/lib/gcc/arm-none-eabi/10.3.1/../../../arm-none-eabi/lib/thumb/v7-m/nofp/libc_nano.a
LOAD /usr/lib/gcc/arm-none-eabi/10.3.1/../../../arm-none-eabi/lib/thumb/v7-m/nofp/libnosys.a
END GROUP
START GROUP
LOAD /usr/lib/gcc/arm-none-eabi/10.3.1/thumb/v7-m/nofp/libgcc.a
LOAD /usr/lib/gcc/arm-none-eabi/10.3.1/../../../arm-none-eabi/lib/thumb/v7-m/nofp/libc_nano.a
LOAD /usr/lib/gcc/arm-none-eabi/10.3.1/../../../arm-none-eabi/lib/thumb/v7-m/nofp/libnosys.a
END GROUP
LOAD /usr/lib/gcc/arm-none-eabi/10.3.1/thumb/v7-m/nofp/crtend.o
LOAD /usr/lib/gcc/arm-none-eabi/10.3.1/thumb/v7-m/nofp/crtn.o
                0x0000000020005000                _estack = 0x20005000
                0x0000000000000200                _Min_Heap_Size = 0x200
                0x0000000000000400                _Min_Stack_Size = 0x400

.isr_vector     0x0000000008000000      0x10c
                0x0000000008000000                . = ALIGN (0x4)
 *(.isr_vector)
 .isr_vector    0x0000000008000000      0x10c CMakeFiles/controller.elf.dir/startup/startup_stm32f103xb.s.obj
                0x0000000008000000                g_pfnVectors
                0x000000000800010c                . = ALIGN (0x4)

.text           0x000000000800010c     0x1d10
                0x000000000800010c                . = ALIGN (0x4)
 *(.text)
 .text          0x000000000800010c       0x88 /usr/lib/gcc/arm-none-eabi/10.3.1/thumb/v7-m/nofp/crtbegin.o
 .text          0x0000000008000194      0x21c /usr/lib/gcc/arm-none-eabi/10.3.1/thumb/v7-m/nofp/libgcc.a(_arm_addsubsf3.o)
                0x0000000008000194                __aeabi_frsub
                0x000000000800019c                __subsf3
                0x000000000800019c                __aeabi_fsub
                0x00000000080001a0                __aeabi_fadd
                0x00000000080001a0                __addsf3
                0x0000000008000300                __aeabi_ui2f
                0x0000000008000300                __floatunsisf
                0x0000000008000308                __aeabi_i2f
                0x0000000008000308                __floatsisf
                0x0000000008000324                __floatundisf
                0x0000000008000324                __aeabi_ul2f
                0x0000000008000334                __floatdisf
                0x0000000008000334                __aeabi_l2f
 .text          0x00000000080003b0      0x2a0 /usr/lib/gcc/arm-none-eabi/10.3.1/thumb/v7-m/nofp/libgcc.a(_arm_muldivsf3.o)
                0x00000000080003b0                __mulsf3
                0x00000000080003b0                __aeabi_fmul
                0x0000000008000518                __divsf3
                0x0000000008000518                __aeabi_fdiv
 .text          0x0000000008000650       0xec /usr/lib/gcc/arm-none-eabi/10.3.1/thumb/v7-m/nofp/libgcc.a(_arm_cmpsf2.o)
                0x0000000008000650                __gtsf2
                0x0000000008000650                __gesf2
                0x0000000008000658                __lesf2
                0x0000000008000658                __ltsf2
                0x0000000008000660                __nesf2
                0x0000000008000660                __eqsf2
                0x0000000008000660                __cmpsf2
                0x00000000080006c0                __aeabi_cfrcmple
                0x00000000080006c8                __aeabi_cfcmple
                0x00000000080006c8                __aeabi_cfcmpeq
                0x00000000080006d8                __aeabi_fcmpeq
                0x00000000080006ec                __aeabi_fcmplt
                0x0000000008000700                __aeabi_fcmple
                0x0000000008000714                __aeabi_fcmpge
                0x0000000008000728                __aeabi_fcmpgt
 .text          0x000000000800073c       0x4c /usr/lib/gcc/arm-none-eabi/10.3.1/thumb/v7-m/nofp/libgcc.a(_arm_fixsfsi.o)
                0x000000000800073c                __fixsfsi
                0x000000000800073c                __aeabi_f2iz
 .text          0x0000000008000788       0x48 /usr/lib/gcc/arm-none-eabi/10.3.1/../../../arm-none-eabi/lib/thumb/v7-m/nofp/libg_nano.a(lib_a-init.o)
                0x0000000008000788                __libc_init_array
 *(.text*)
 .text.main     0x00000000080007d0       0xa8 CMakeFiles/controller.elf.dir/src/main.c.obj
                0x00000000080007d0                main
 .text.SystemClock_Config
                0x0000000008000878       0xa8 CMakeFiles/controller.elf.dir/src/main.c.obj
                0x0000000008000878                SystemClock_Config
 .text.GPIO_LED_Init
                0x0000000008000920       0x3c CMakeFiles/controller.elf.dir/src/main.c.obj
                0x0000000008000920                GPIO_LED_Init
 .text.delay_ms
                0x000000000800095c       0x30 CMakeFiles/controller.elf.dir/src/main.c.obj
                0x000000000800095c                delay_ms
 .text.clamp    0x000000000800098c       0x3a CMakeFiles/controller.elf.dir/src/pid.c.obj
 .text.PID_Init
                0x00000000080009c6       0x56 CMakeFiles/controller.elf.dir/src/pid.c.obj
                0x00000000080009c6                PID_Init
 .text.PID_Compute
                0x0000000008000a1c      0x164 CMakeFiles/controller.elf.dir/src/pid.c.obj
                0x0000000008000a1c                PID_Compute
 .text.PID_Reset
                0x0000000008000b80       0x22 CMakeFiles/controller.elf.dir/src/pid.c.obj
                0x0000000008000b80                PID_Reset
 .text.PID_SetIntegralLimit
                0x0000000008000ba2       0x30 CMakeFiles/controller.elf.dir/src/pid.c.obj
                0x0000000008000ba2                PID_SetIntegralLimit
 *fill*         0x0000000008000bd2        0x2 
 .text.I2C1_Init
                0x0000000008000bd4       0x80 CMakeFiles/controller.elf.dir/src/imu.c.obj
 .text.I2C1_Start
                0x0000000008000c54       0x2c CMakeFiles/controller.elf.dir/src/imu.c.obj
 .text.I2C1_Stop
                0x0000000008000c80       0x1c CMakeFiles/controller.elf.dir/src/imu.c.obj
 .text.I2C1_SendAddress
                0x0000000008000c9c       0x48 CMakeFiles/controller.elf.dir/src/imu.c.obj
 .text.I2C1_WriteByte
                0x0000000008000ce4       0x30 CMakeFiles/controller.elf.dir/src/imu.c.obj
 .text.I2C1_ReadByteAck
                0x0000000008000d14       0x30 CMakeFiles/controller.elf.dir/src/imu.c.obj
 .text.I2C1_ReadByteNack
                0x0000000008000d44       0x30 CMakeFiles/controller.elf.dir/src/imu.c.obj
 .text.MPU6050_WriteReg
                0x0000000008000d74       0x38 CMakeFiles/controller.elf.dir/src/imu.c.obj
 .text.MPU6050_ReadReg
                0x0000000008000dac       0x3c CMakeFiles/controller.elf.dir/src/imu.c.obj
 .text.MPU6050_ReadReg16
                0x0000000008000de8       0x54 CMakeFiles/controller.elf.dir/src/imu.c.obj
 .text.IMU_Init
                0x0000000008000e3c       0x80 CMakeFiles/controller.elf.dir/src/imu.c.obj
                0x0000000008000e3c                IMU_Init
 .text.IMU_Calibrate
                0x0000000008000ebc       0x90 CMakeFiles/controller.elf.dir/src/imu.c.obj
                0x0000000008000ebc                IMU_Calibrate
 .text.IMU_Update
                0x0000000008000f4c       0xd0 CMakeFiles/controller.elf.dir/src/imu.c.obj
                0x0000000008000f4c                IMU_Update
 .text.IMU_GetHeading
                0x000000000800101c       0x14 CMakeFiles/controller.elf.dir/src/imu.c.obj
                0x000000000800101c                IMU_GetHeading
 .text.IMU_ResetHeading
                0x0000000008001030       0x18 CMakeFiles/controller.elf.dir/src/imu.c.obj
                0x0000000008001030                IMU_ResetHeading
 .text.__NVIC_EnableIRQ
                0x0000000008001048       0x38 CMakeFiles/controller.elf.dir/src/encoder.c.obj
 .text.ProcessLeftEncoder
                0x0000000008001080       0x84 CMakeFiles/controller.elf.dir/src/encoder.c.obj
 .text.ProcessRightEncoder
                0x0000000008001104       0x84 CMakeFiles/controller.elf.dir/src/encoder.c.obj
 .text.Encoder_Init
                0x0000000008001188      0x160 CMakeFiles/controller.elf.dir/src/encoder.c.obj
                0x0000000008001188                Encoder_Init
 .text.Encoder_GetSpeedLeft
                0x00000000080012e8       0x58 CMakeFiles/controller.elf.dir/src/encoder.c.obj
                0x00000000080012e8                Encoder_GetSpeedLeft
 .text.Encoder_GetSpeedRight
                0x0000000008001340       0x58 CMakeFiles/controller.elf.dir/src/encoder.c.obj
                0x0000000008001340                Encoder_GetSpeedRight
 .text.Encoder_Reset
                0x0000000008001398       0x34 CMakeFiles/controller.elf.dir/src/encoder.c.obj
                0x0000000008001398                Encoder_Reset
 .text.Encoder_EXTI1_Handler
                0x00000000080013cc        0xc CMakeFiles/controller.elf.dir/src/encoder.c.obj
                0x00000000080013cc                Encoder_EXTI1_Handler
 .text.Encoder_EXTI2_Handler
                0x00000000080013d8        0xc CMakeFiles/controller.elf.dir/src/encoder.c.obj
                0x00000000080013d8                Encoder_EXTI2_Handler
 .text.Encoder_EXTI9_5_Handler
                0x00000000080013e4        0xc CMakeFiles/controller.elf.dir/src/encoder.c.obj
                0x00000000080013e4                Encoder_EXTI9_5_Handler
 .text.clamp_speed
                0x00000000080013f0       0x3c CMakeFiles/controller.elf.dir/src/motor.c.obj
 .text.abs_speed
                0x000000000800142c       0x26 CMakeFiles/controller.elf.dir/src/motor.c.obj
 *fill*         0x0000000008001452        0x2 
 .text.Motor_Init
                0x0000000008001454      0x10c CMakeFiles/controller.elf.dir/src/motor.c.obj
                0x0000000008001454                Motor_Init
 .text.Motor_SetLeft
                0x0000000008001560       0x8c CMakeFiles/controller.elf.dir/src/motor.c.obj
                0x0000000008001560                Motor_SetLeft
 .text.Motor_SetRight
                0x00000000080015ec       0x8c CMakeFiles/controller.elf.dir/src/motor.c.obj
                0x00000000080015ec                Motor_SetRight
 .text.Motor_SetBoth
                0x0000000008001678       0x2c CMakeFiles/controller.elf.dir/src/motor.c.obj
                0x0000000008001678                Motor_SetBoth
 .text.Motor_Stop
                0x00000000080016a4       0x3c CMakeFiles/controller.elf.dir/src/motor.c.obj
                0x00000000080016a4                Motor_Stop
 .text.DifferentialDrive_Init
                0x00000000080016e0       0xc0 CMakeFiles/controller.elf.dir/src/differential_drive.c.obj
                0x00000000080016e0                DifferentialDrive_Init
 .text.DifferentialDrive_Calibrate
                0x00000000080017a0       0x48 CMakeFiles/controller.elf.dir/src/differential_drive.c.obj
                0x00000000080017a0                DifferentialDrive_Calibrate
 .text.DifferentialDrive_SetSpeed
                0x00000000080017e8       0x54 CMakeFiles/controller.elf.dir/src/differential_drive.c.obj
                0x00000000080017e8                DifferentialDrive_SetSpeed
 .text.DifferentialDrive_Update
                0x000000000800183c      0x154 CMakeFiles/controller.elf.dir/src/differential_drive.c.obj
                0x000000000800183c                DifferentialDrive_Update
 .text.NMI_Handler
                0x0000000008001990        0x6 CMakeFiles/controller.elf.dir/src/stm32f1xx_it.c.obj
                0x0000000008001990                NMI_Handler
 .text.HardFault_Handler
                0x0000000008001996        0x6 CMakeFiles/controller.elf.dir/src/stm32f1xx_it.c.obj
                0x0000000008001996                HardFault_Handler
 .text.MemManage_Handler
                0x000000000800199c        0x6 CMakeFiles/controller.elf.dir/src/stm32f1xx_it.c.obj
                0x000000000800199c                MemManage_Handler
 .text.BusFault_Handler
                0x00000000080019a2        0x6 CMakeFiles/controller.elf.dir/src/stm32f1xx_it.c.obj
                0x00000000080019a2                BusFault_Handler
 .text.UsageFault_Handler
                0x00000000080019a8        0x6 CMakeFiles/controller.elf.dir/src/stm32f1xx_it.c.obj
                0x00000000080019a8                UsageFault_Handler
 .text.SVC_Handler
                0x00000000080019ae        0xc CMakeFiles/controller.elf.dir/src/stm32f1xx_it.c.obj
                0x00000000080019ae                SVC_Handler
 .text.DebugMon_Handler
                0x00000000080019ba        0xc CMakeFiles/controller.elf.dir/src/stm32f1xx_it.c.obj
                0x00000000080019ba                DebugMon_Handler
 .text.PendSV_Handler
                0x00000000080019c6        0xc CMakeFiles/controller.elf.dir/src/stm32f1xx_it.c.obj
                0x00000000080019c6                PendSV_Handler
 *fill*         0x00000000080019d2        0x2 
 .text.SysTick_Handler
                0x00000000080019d4       0x1c CMakeFiles/controller.elf.dir/src/stm32f1xx_it.c.obj
                0x00000000080019d4                SysTick_Handler
 .text.EXTI1_IRQHandler
                0x00000000080019f0       0x24 CMakeFiles/controller.elf.dir/src/stm32f1xx_it.c.obj
                0x00000000080019f0                EXTI1_IRQHandler
 .text.EXTI2_IRQHandler
                0x0000000008001a14       0x24 CMakeFiles/controller.elf.dir/src/stm32f1xx_it.c.obj
                0x0000000008001a14                EXTI2_IRQHandler
 .text.EXTI9_5_IRQHandler
                0x0000000008001a38       0x3c CMakeFiles/controller.elf.dir/src/stm32f1xx_it.c.obj
                0x0000000008001a38                EXTI9_5_IRQHandler
 .text.HAL_MspInit
                0x0000000008001a74       0x74 CMakeFiles/controller.elf.dir/src/stm32f1xx_hal_msp.c.obj
                0x0000000008001a74                HAL_MspInit
 .text.SystemInit
                0x0000000008001ae8        0xc CMakeFiles/controller.elf.dir/src/system_stm32f1xx.c.obj
                0x0000000008001ae8                SystemInit
 .text.Reset_Handler
                0x0000000008001af4       0x48 CMakeFiles/controller.elf.dir/startup/startup_stm32f103xb.s.obj
                0x0000000008001af4                Reset_Handler
 .text.Default_Handler
                0x0000000008001b3c        0x2 CMakeFiles/controller.elf.dir/startup/startup_stm32f103xb.s.obj
                0x0000000008001b3c                RTC_Alarm_IRQHandler
                0x0000000008001b3c                TIM1_CC_IRQHandler
                0x0000000008001b3c                PVD_IRQHandler
                0x0000000008001b3c                EXTI3_IRQHandler
                0x0000000008001b3c                EXTI0_IRQHandler
                0x0000000008001b3c                I2C2_EV_IRQHandler
                0x0000000008001b3c                ADC1_2_IRQHandler
                0x0000000008001b3c                SPI1_IRQHandler
                0x0000000008001b3c                TAMPER_IRQHandler
                0x0000000008001b3c                DMA1_Channel4_IRQHandler
                0x0000000008001b3c                USART3_IRQHandler
                0x0000000008001b3c                RTC_IRQHandler
                0x0000000008001b3c                DMA1_Channel7_IRQHandler
                0x0000000008001b3c                CAN1_RX1_IRQHandler
                0x0000000008001b3c                TIM4_IRQHandler
                0x0000000008001b3c                I2C1_EV_IRQHandler
                0x0000000008001b3c                DMA1_Channel6_IRQHandler
                0x0000000008001b3c                TIM3_IRQHandler
                0x0000000008001b3c                RCC_IRQHandler
                0x0000000008001b3c                TIM1_TRG_COM_IRQHandler
                0x0000000008001b3c                DMA1_Channel1_IRQHandler
                0x0000000008001b3c                Default_Handler
                0x0000000008001b3c                EXTI15_10_IRQHandler
                0x0000000008001b3c                SPI2_IRQHandler
                0x0000000008001b3c                DMA1_Channel5_IRQHandler
                0x0000000008001b3c                EXTI4_IRQHandler
                0x0000000008001b3c                USB_LP_CAN1_RX0_IRQHandler
                0x0000000008001b3c                USB_HP_CAN1_TX_IRQHandler
                0x0000000008001b3c                DMA1_Channel3_IRQHandler
                0x0000000008001b3c                TIM1_UP_IRQHandler
                0x0000000008001b3c                WWDG_IRQHandler
                0x0000000008001b3c                TIM2_IRQHandler
                0x0000000008001b3c                TIM1_BRK_IRQHandler
                0x0000000008001b3c                USART2_IRQHandler
                0x0000000008001b3c                I2C2_ER_IRQHandler
                0x0000000008001b3c                DMA1_Channel2_IRQHandler
                0x0000000008001b3c                CAN1_SCE_IRQHandler
                0x0000000008001b3c                FLASH_IRQHandler
                0x0000000008001b3c                USART1_IRQHandler
                0x0000000008001b3c                I2C1_ER_IRQHandler
                0x0000000008001b3c                USBWakeUp_IRQHandler
 *fill*         0x0000000008001b3e        0x2 
 .text.HAL_Init
                0x0000000008001b40       0x2c CMakeFiles/controller.elf.dir/media/mohamed/Robotics1/repos/embedded_for_robotics/STM32Cube_FW_F1_V1.8.0/Drivers/STM32F1xx_HAL_Driver/Src/stm32f1xx_hal.c.obj
                0x0000000008001b40                HAL_Init
 .text.HAL_InitTick
                0x0000000008001b6c       0x60 CMakeFiles/controller.elf.dir/media/mohamed/Robotics1/repos/embedded_for_robotics/STM32Cube_FW_F1_V1.8.0/Drivers/STM32F1xx_HAL_Driver/Src/stm32f1xx_hal.c.obj
                0x0000000008001b6c                HAL_InitTick
 .text.HAL_IncTick
                0x0000000008001bcc       0x24 CMakeFiles/controller.elf.dir/media/mohamed/Robotics1/repos/embedded_for_robotics/STM32Cube_FW_F1_V1.8.0/Drivers/STM32F1xx_HAL_Driver/Src/stm32f1xx_hal.c.obj
                0x0000000008001bcc                HAL_IncTick
 .text.__NVIC_SetPriorityGrouping
                0x0000000008001bf0       0x48 CMakeFiles/controller.elf.dir/media/mohamed/Robotics1/repos/embedded_for_robotics/STM32Cube_FW_F1_V1.8.0/Drivers/STM32F1xx_HAL_Driver/Src/stm32f1xx_hal_cortex.c.obj
 .text.__NVIC_GetPriorityGrouping
                0x0000000008001c38       0x1c CMakeFiles/controller.elf.dir/media/mohamed/Robotics1/repos/embedded_for_robotics/STM32Cube_FW_F1_V1.8.0/Drivers/STM32F1xx_HAL_Driver/Src/stm32f1xx_hal_cortex.c.obj
 .text.__NVIC_SetPriority
                0x0000000008001c54       0x54 CMakeFiles/controller.elf.dir/media/mohamed/Robotics1/repos/embedded_for_robotics/STM32Cube_FW_F1_V1.8.0/Drivers/STM32F1xx_HAL_Driver/Src/stm32f1xx_hal_cortex.c.obj
 .text.NVIC_EncodePriority
                0x0000000008001ca8       0x64 CMakeFiles/controller.elf.dir/media/mohamed/Robotics1/repos/embedded_for_robotics/STM32Cube_FW_F1_V1.8.0/Drivers/STM32F1xx_HAL_Driver/Src/stm32f1xx_hal_cortex.c.obj
 .text.SysTick_Config
                0x0000000008001d0c       0x44 CMakeFiles/controller.elf.dir/media/mohamed/Robotics1/repos/embedded_for_robotics/STM32Cube_FW_F1_V1.8.0/Drivers/STM32F1xx_HAL_Driver/Src/stm32f1xx_hal_cortex.c.obj
 .text.HAL_NVIC_SetPriorityGrouping
                0x0000000008001d50       0x16 CMakeFiles/controller.elf.dir/media/mohamed/Robotics1/repos/embedded_for_robotics/STM32Cube_FW_F1_V1.8.0/Drivers/STM32F1xx_HAL_Driver/Src/stm32f1xx_hal_cortex.c.obj
                0x0000000008001d50                HAL_NVIC_SetPriorityGrouping
 .text.HAL_NVIC_SetPriority
                0x0000000008001d66       0x38 CMakeFiles/controller.elf.dir/media/mohamed/Robotics1/repos/embedded_for_robotics/STM32Cube_FW_F1_V1.8.0/Drivers/STM32F1xx_HAL_Driver/Src/stm32f1xx_hal_cortex.c.obj
                0x0000000008001d66                HAL_NVIC_SetPriority
 .text.HAL_SYSTICK_Config
                0x0000000008001d9e       0x18 CMakeFiles/controller.elf.dir/media/mohamed/Robotics1/repos/embedded_for_robotics/STM32Cube_FW_F1_V1.8.0/Drivers/STM32F1xx_HAL_Driver/Src/stm32f1xx_hal_cortex.c.obj
                0x0000000008001d9e                HAL_SYSTICK_Config
 *fill*         0x0000000008001db6        0x2 
 .text.HAL_SYSTICK_CLKSourceConfig
                0x0000000008001db8       0x38 CMakeFiles/controller.elf.dir/media/mohamed/Robotics1/repos/embedded_for_robotics/STM32Cube_FW_F1_V1.8.0/Drivers/STM32F1xx_HAL_Driver/Src/stm32f1xx_hal_cortex.c.obj
                0x0000000008001db8                HAL_SYSTICK_CLKSourceConfig
 .text.HAL_RCC_GetHCLKFreq
                0x0000000008001df0       0x14 CMakeFiles/controller.elf.dir/media/mohamed/Robotics1/repos/embedded_for_robotics/STM32Cube_FW_F1_V1.8.0/Drivers/STM32F1xx_HAL_Driver/Src/stm32f1xx_hal_rcc.c.obj
                0x0000000008001df0                HAL_RCC_GetHCLKFreq
 *(.glue_7)
 .glue_7        0x0000000008001e04        0x0 linker stubs
 *(.glue_7t)
 .glue_7t       0x0000000008001e04        0x0 linker stubs
 *(.eh_frame)
 .eh_frame      0x0000000008001e04        0x0 /usr/lib/gcc/arm-none-eabi/10.3.1/thumb/v7-m/nofp/crtbegin.o
 *(.init)
 .init          0x0000000008001e04        0x4 /usr/lib/gcc/arm-none-eabi/10.3.1/thumb/v7-m/nofp/crti.o
                0x0000000008001e04                _init
 .init          0x0000000008001e08        0x8 /usr/lib/gcc/arm-none-eabi/10.3.1/thumb/v7-m/nofp/crtn.o
 *(.fini)
 .fini          0x0000000008001e10        0x4 /usr/lib/gcc/arm-none-eabi/10.3.1/thumb/v7-m/nofp/crti.o
                0x0000000008001e10                _fini
 .fini          0x0000000008001e14        0x8 /usr/lib/gcc/arm-none-eabi/10.3.1/thumb/v7-m/nofp/crtn.o
                0x0000000008001e1c                . = ALIGN (0x4)
                0x0000000008001e1c                _etext = .

.vfp11_veneer   0x0000000008001e1c        0x0
 .vfp11_veneer  0x0000000008001e1c        0x0 linker stubs

.v4_bx          0x0000000008001e1c        0x0
 .v4_bx         0x0000000008001e1c        0x0 linker stubs

.iplt           0x0000000008001e1c        0x0
 .iplt          0x0000000008001e1c        0x0 /usr/lib/gcc/arm-none-eabi/10.3.1/thumb/v7-m/nofp/crtbegin.o

.rel.dyn        0x0000000008001e1c        0x0
 .rel.iplt      0x0000000008001e1c        0x0 /usr/lib/gcc/arm-none-eabi/10.3.1/thumb/v7-m/nofp/crtbegin.o

.rodata         0x0000000008001e1c        0x0
                0x0000000008001e1c                . = ALIGN (0x4)
 *(.rodata)
 *(.rodata*)
                0x0000000008001e1c                . = ALIGN (0x4)

.ARM.extab
 *(.ARM.extab* .gnu.linkonce.armextab.*)

.ARM            0x0000000008001e1c        0x0
                0x0000000008001e1c                __exidx_start = .
 *(.ARM.exidx*)
                0x0000000008001e1c                __exidx_end = .

.preinit_array  0x0000000008001e1c        0x0
                0x0000000008001e1c                PROVIDE (__preinit_array_start = .)
 *(.preinit_array*)
                0x0000000008001e1c                PROVIDE (__preinit_array_end = .)

.init_array     0x0000000008001e1c        0x4
                0x0000000008001e1c                PROVIDE (__init_array_start = .)
 *(SORT_BY_NAME(.init_array.*))
 *(.init_array*)
 .init_array    0x0000000008001e1c        0x4 /usr/lib/gcc/arm-none-eabi/10.3.1/thumb/v7-m/nofp/crtbegin.o
                0x0000000008001e20                PROVIDE (__init_array_end = .)

.fini_array     0x0000000008001e20        0x4
                0x0000000008001e20                PROVIDE (__fini_array_start = .)
 *(SORT_BY_NAME(.fini_array.*))
 *(.fini_array*)
 .fini_array    0x0000000008001e20        0x4 /usr/lib/gcc/arm-none-eabi/10.3.1/thumb/v7-m/nofp/crtbegin.o
                0x0000000008001e24                PROVIDE (__fini_array_end = .)
                0x0000000008001e24                _sidata = LOADADDR (.data)

.data           0x0000000020000000        0xc load address 0x0000000008001e24
                0x0000000020000000                . = ALIGN (0x4)
                0x0000000020000000                _sdata = .
 *(.data)
 *(.data*)
 .data.SystemCoreClock
                0x0000000020000000        0x4 CMakeFiles/controller.elf.dir/src/system_stm32f1xx.c.obj
                0x0000000020000000                SystemCoreClock
 .data.uwTickPrio
                0x0000000020000004        0x4 CMakeFiles/controller.elf.dir/media/mohamed/Robotics1/repos/embedded_for_robotics/STM32Cube_FW_F1_V1.8.0/Drivers/STM32F1xx_HAL_Driver/Src/stm32f1xx_hal.c.obj
                0x0000000020000004                uwTickPrio
 .data.uwTickFreq
                0x0000000020000008        0x1 CMakeFiles/controller.elf.dir/media/mohamed/Robotics1/repos/embedded_for_robotics/STM32Cube_FW_F1_V1.8.0/Drivers/STM32F1xx_HAL_Driver/Src/stm32f1xx_hal.c.obj
                0x0000000020000008                uwTickFreq
                0x000000002000000c                . = ALIGN (0x4)
 *fill*         0x0000000020000009        0x3 
                0x000000002000000c                _edata = .

.tm_clone_table
                0x000000002000000c        0x0 load address 0x0000000008001e30
 .tm_clone_table
                0x000000002000000c        0x0 /usr/lib/gcc/arm-none-eabi/10.3.1/thumb/v7-m/nofp/crtbegin.o
 .tm_clone_table
                0x000000002000000c        0x0 /usr/lib/gcc/arm-none-eabi/10.3.1/thumb/v7-m/nofp/crtend.o

.igot.plt       0x000000002000000c        0x0 load address 0x0000000008001e30
 .igot.plt      0x000000002000000c        0x0 /usr/lib/gcc/arm-none-eabi/10.3.1/thumb/v7-m/nofp/crtbegin.o
                0x000000002000000c                . = ALIGN (0x4)

.bss            0x000000002000000c       0xc4 load address 0x0000000008001e30
                0x000000002000000c                _sbss = .
                0x000000002000000c                __bss_start__ = _sbss
 *(.bss)
 .bss           0x000000002000000c       0x1c /usr/lib/gcc/arm-none-eabi/10.3.1/thumb/v7-m/nofp/crtbegin.o
 *(.bss*)
 .bss.systick_counter
                0x0000000020000028        0x4 CMakeFiles/controller.elf.dir/src/main.c.obj
                0x0000000020000028                systick_counter
 .bss.imu_data  0x000000002000002c       0x14 CMakeFiles/controller.elf.dir/src/imu.c.obj
 .bss.left_count
                0x0000000020000040        0x4 CMakeFiles/controller.elf.dir/src/encoder.c.obj
 .bss.right_count
                0x0000000020000044        0x4 CMakeFiles/controller.elf.dir/src/encoder.c.obj
 .bss.left_last_A
                0x0000000020000048        0x1 CMakeFiles/controller.elf.dir/src/encoder.c.obj
 .bss.left_last_B
                0x0000000020000049        0x1 CMakeFiles/controller.elf.dir/src/encoder.c.obj
 .bss.right_last_A
                0x000000002000004a        0x1 CMakeFiles/controller.elf.dir/src/encoder.c.obj
 .bss.right_last_B
                0x000000002000004b        0x1 CMakeFiles/controller.elf.dir/src/encoder.c.obj
 .bss.left_prev_count
                0x000000002000004c        0x4 CMakeFiles/controller.elf.dir/src/encoder.c.obj
 .bss.right_prev_count
                0x0000000020000050        0x4 CMakeFiles/controller.elf.dir/src/encoder.c.obj
 .bss.speed_pid_left
                0x0000000020000054       0x20 CMakeFiles/controller.elf.dir/src/differential_drive.c.obj
 .bss.speed_pid_right
                0x0000000020000074       0x20 CMakeFiles/controller.elf.dir/src/differential_drive.c.obj
 .bss.heading_pid
                0x0000000020000094       0x20 CMakeFiles/controller.elf.dir/src/differential_drive.c.obj
 .bss.drive_state
                0x00000000200000b4        0x1 CMakeFiles/controller.elf.dir/src/differential_drive.c.obj
 *fill*         0x00000000200000b5        0x3 
 .bss.target_speed
                0x00000000200000b8        0x4 CMakeFiles/controller.elf.dir/src/differential_drive.c.obj
 .bss.current_speed_left
                0x00000000200000bc        0x4 CMakeFiles/controller.elf.dir/src/differential_drive.c.obj
 .bss.current_speed_right
                0x00000000200000c0        0x4 CMakeFiles/controller.elf.dir/src/differential_drive.c.obj
 .bss.current_heading
                0x00000000200000c4        0x4 CMakeFiles/controller.elf.dir/src/differential_drive.c.obj
 .bss.left_motor_output
                0x00000000200000c8        0x2 CMakeFiles/controller.elf.dir/src/differential_drive.c.obj
 .bss.right_motor_output
                0x00000000200000ca        0x2 CMakeFiles/controller.elf.dir/src/differential_drive.c.obj
 .bss.uwTick    0x00000000200000cc        0x4 CMakeFiles/controller.elf.dir/media/mohamed/Robotics1/repos/embedded_for_robotics/STM32Cube_FW_F1_V1.8.0/Drivers/STM32F1xx_HAL_Driver/Src/stm32f1xx_hal.c.obj
                0x00000000200000cc                uwTick
 *(COMMON)
                0x00000000200000d0                . = ALIGN (0x4)
                0x00000000200000d0                _ebss = .
                0x00000000200000d0                __bss_end__ = _ebss

._user_heap_stack
                0x00000000200000d0      0x600 load address 0x0000000008001e30
                0x00000000200000d0                . = ALIGN (0x8)
                [!provide]                        PROVIDE (end = .)
                [!provide]                        PROVIDE (_end = .)
                0x00000000200002d0                . = (. + _Min_Heap_Size)
 *fill*         0x00000000200000d0      0x200 
                0x00000000200006d0                . = (. + _Min_Stack_Size)
 *fill*         0x00000000200002d0      0x400 
                0x00000000200006d0                . = ALIGN (0x8)

/DISCARD/
 libc.a(*)
 libm.a(*)
 libgcc.a(*)

.ARM.attributes
                0x0000000000000000       0x29
 *(.ARM.attributes)
 .ARM.attributes
                0x0000000000000000       0x1d /usr/lib/gcc/arm-none-eabi/10.3.1/thumb/v7-m/nofp/crti.o
 .ARM.attributes
                0x000000000000001d       0x2d /usr/lib/gcc/arm-none-eabi/10.3.1/thumb/v7-m/nofp/crtbegin.o
 .ARM.attributes
                0x000000000000004a       0x2d CMakeFiles/controller.elf.dir/src/main.c.obj
 .ARM.attributes
                0x0000000000000077       0x2d CMakeFiles/controller.elf.dir/src/pid.c.obj
 .ARM.attributes
                0x00000000000000a4       0x2d CMakeFiles/controller.elf.dir/src/imu.c.obj
 .ARM.attributes
                0x00000000000000d1       0x2d CMakeFiles/controller.elf.dir/src/encoder.c.obj
 .ARM.attributes
                0x00000000000000fe       0x2d CMakeFiles/controller.elf.dir/src/motor.c.obj
 .ARM.attributes
                0x000000000000012b       0x2d CMakeFiles/controller.elf.dir/src/differential_drive.c.obj
 .ARM.attributes
                0x0000000000000158       0x2d CMakeFiles/controller.elf.dir/src/stm32f1xx_it.c.obj
 .ARM.attributes
                0x0000000000000185       0x2d CMakeFiles/controller.elf.dir/src/stm32f1xx_hal_msp.c.obj
 .ARM.attributes
                0x00000000000001b2       0x2d CMakeFiles/controller.elf.dir/src/system_stm32f1xx.c.obj
 .ARM.attributes
                0x00000000000001df       0x21 CMakeFiles/controller.elf.dir/startup/startup_stm32f103xb.s.obj
 .ARM.attributes
                0x0000000000000200       0x2d CMakeFiles/controller.elf.dir/media/mohamed/Robotics1/repos/embedded_for_robotics/STM32Cube_FW_F1_V1.8.0/Drivers/STM32F1xx_HAL_Driver/Src/stm32f1xx_hal.c.obj
 .ARM.attributes
                0x000000000000022d       0x2d CMakeFiles/controller.elf.dir/media/mohamed/Robotics1/repos/embedded_for_robotics/STM32Cube_FW_F1_V1.8.0/Drivers/STM32F1xx_HAL_Driver/Src/stm32f1xx_hal_cortex.c.obj
 .ARM.attributes
                0x000000000000025a       0x2d CMakeFiles/controller.elf.dir/media/mohamed/Robotics1/repos/embedded_for_robotics/STM32Cube_FW_F1_V1.8.0/Drivers/STM32F1xx_HAL_Driver/Src/stm32f1xx_hal_rcc.c.obj
 .ARM.attributes
                0x0000000000000287       0x1d /usr/lib/gcc/arm-none-eabi/10.3.1/thumb/v7-m/nofp/libgcc.a(_arm_addsubsf3.o)
 .ARM.attributes
                0x00000000000002a4       0x1d /usr/lib/gcc/arm-none-eabi/10.3.1/thumb/v7-m/nofp/libgcc.a(_arm_muldivsf3.o)
 .ARM.attributes
                0x00000000000002c1       0x1d /usr/lib/gcc/arm-none-eabi/10.3.1/thumb/v7-m/nofp/libgcc.a(_arm_cmpsf2.o)
 .ARM.attributes
                0x00000000000002de       0x1d /usr/lib/gcc/arm-none-eabi/10.3.1/thumb/v7-m/nofp/libgcc.a(_arm_fixsfsi.o)
 .ARM.attributes
                0x00000000000002fb       0x2d /usr/lib/gcc/arm-none-eabi/10.3.1/../../../arm-none-eabi/lib/thumb/v7-m/nofp/libg_nano.a(lib_a-init.o)
 .ARM.attributes
                0x0000000000000328       0x2d /usr/lib/gcc/arm-none-eabi/10.3.1/thumb/v7-m/nofp/crtend.o
 .ARM.attributes
                0x0000000000000355       0x1d /usr/lib/gcc/arm-none-eabi/10.3.1/thumb/v7-m/nofp/crtn.o
OUTPUT(controller.elf elf32-littlearm)
LOAD linker stubs
LOAD /usr/lib/gcc/arm-none-eabi/10.3.1/../../../arm-none-eabi/lib/thumb/v7-m/nofp/libc.a
LOAD /usr/lib/gcc/arm-none-eabi/10.3.1/../../../arm-none-eabi/lib/thumb/v7-m/nofp/libm.a
LOAD /usr/lib/gcc/arm-none-eabi/10.3.1/thumb/v7-m/nofp/libgcc.a

.comment        0x0000000000000000       0x33
 .comment       0x0000000000000000       0x33 /usr/lib/gcc/arm-none-eabi/10.3.1/thumb/v7-m/nofp/crtbegin.o
                                         0x34 (size before relaxing)
 .comment       0x0000000000000033       0x34 CMakeFiles/controller.elf.dir/src/main.c.obj
 .comment       0x0000000000000033       0x34 CMakeFiles/controller.elf.dir/src/pid.c.obj
 .comment       0x0000000000000033       0x34 CMakeFiles/controller.elf.dir/src/imu.c.obj
 .comment       0x0000000000000033       0x34 CMakeFiles/controller.elf.dir/src/encoder.c.obj
 .comment       0x0000000000000033       0x34 CMakeFiles/controller.elf.dir/src/motor.c.obj
 .comment       0x0000000000000033       0x34 CMakeFiles/controller.elf.dir/src/differential_drive.c.obj
 .comment       0x0000000000000033       0x34 CMakeFiles/controller.elf.dir/src/stm32f1xx_it.c.obj
 .comment       0x0000000000000033       0x34 CMakeFiles/controller.elf.dir/src/stm32f1xx_hal_msp.c.obj
 .comment       0x0000000000000033       0x34 CMakeFiles/controller.elf.dir/src/system_stm32f1xx.c.obj
 .comment       0x0000000000000033       0x34 CMakeFiles/controller.elf.dir/media/mohamed/Robotics1/repos/embedded_for_robotics/STM32Cube_FW_F1_V1.8.0/Drivers/STM32F1xx_HAL_Driver/Src/stm32f1xx_hal.c.obj
 .comment       0x0000000000000033       0x34 CMakeFiles/controller.elf.dir/media/mohamed/Robotics1/repos/embedded_for_robotics/STM32Cube_FW_F1_V1.8.0/Drivers/STM32F1xx_HAL_Driver/Src/stm32f1xx_hal_cortex.c.obj
 .comment       0x0000000000000033       0x34 CMakeFiles/controller.elf.dir/media/mohamed/Robotics1/repos/embedded_for_robotics/STM32Cube_FW_F1_V1.8.0/Drivers/STM32F1xx_HAL_Driver/Src/stm32f1xx_hal_rcc.c.obj
 .comment       0x0000000000000033       0x34 /usr/lib/gcc/arm-none-eabi/10.3.1/../../../arm-none-eabi/lib/thumb/v7-m/nofp/libg_nano.a(lib_a-init.o)
 .comment       0x0000000000000033       0x34 /usr/lib/gcc/arm-none-eabi/10.3.1/thumb/v7-m/nofp/crtend.o

.debug_info     0x0000000000000000     0x3db3
 .debug_info    0x0000000000000000      0x383 CMakeFiles/controller.elf.dir/src/main.c.obj
 .debug_info    0x0000000000000383      0x2ff CMakeFiles/controller.elf.dir/src/pid.c.obj
 .debug_info    0x0000000000000682      0x58f CMakeFiles/controller.elf.dir/src/imu.c.obj
 .debug_info    0x0000000000000c11      0x7d8 CMakeFiles/controller.elf.dir/src/encoder.c.obj
 .debug_info    0x00000000000013e9      0x400 CMakeFiles/controller.elf.dir/src/motor.c.obj
 .debug_info    0x00000000000017e9      0x374 CMakeFiles/controller.elf.dir/src/differential_drive.c.obj
 .debug_info    0x0000000000001b5d      0x1d7 CMakeFiles/controller.elf.dir/src/stm32f1xx_it.c.obj
 .debug_info    0x0000000000001d34      0x2bb CMakeFiles/controller.elf.dir/src/stm32f1xx_hal_msp.c.obj
 .debug_info    0x0000000000001fef      0x225 CMakeFiles/controller.elf.dir/src/system_stm32f1xx.c.obj
 .debug_info    0x0000000000002214       0x22 CMakeFiles/controller.elf.dir/startup/startup_stm32f103xb.s.obj
 .debug_info    0x0000000000002236      0x6d5 CMakeFiles/controller.elf.dir/media/mohamed/Robotics1/repos/embedded_for_robotics/STM32Cube_FW_F1_V1.8.0/Drivers/STM32F1xx_HAL_Driver/Src/stm32f1xx_hal.c.obj
 .debug_info    0x000000000000290b      0xafc CMakeFiles/controller.elf.dir/media/mohamed/Robotics1/repos/embedded_for_robotics/STM32Cube_FW_F1_V1.8.0/Drivers/STM32F1xx_HAL_Driver/Src/stm32f1xx_hal_cortex.c.obj
 .debug_info    0x0000000000003407      0x7fa CMakeFiles/controller.elf.dir/media/mohamed/Robotics1/repos/embedded_for_robotics/STM32Cube_FW_F1_V1.8.0/Drivers/STM32F1xx_HAL_Driver/Src/stm32f1xx_hal_rcc.c.obj
 .debug_info    0x0000000000003c01       0x26 /usr/lib/gcc/arm-none-eabi/10.3.1/thumb/v7-m/nofp/libgcc.a(_arm_addsubsf3.o)
 .debug_info    0x0000000000003c27       0x26 /usr/lib/gcc/arm-none-eabi/10.3.1/thumb/v7-m/nofp/libgcc.a(_arm_muldivsf3.o)
 .debug_info    0x0000000000003c4d       0x26 /usr/lib/gcc/arm-none-eabi/10.3.1/thumb/v7-m/nofp/libgcc.a(_arm_cmpsf2.o)
 .debug_info    0x0000000000003c73       0x26 /usr/lib/gcc/arm-none-eabi/10.3.1/thumb/v7-m/nofp/libgcc.a(_arm_fixsfsi.o)
 .debug_info    0x0000000000003c99      0x11a /usr/lib/gcc/arm-none-eabi/10.3.1/../../../arm-none-eabi/lib/thumb/v7-m/nofp/libg_nano.a(lib_a-init.o)

.debug_abbrev   0x0000000000000000     0x1435
 .debug_abbrev  0x0000000000000000      0x162 CMakeFiles/controller.elf.dir/src/main.c.obj
 .debug_abbrev  0x0000000000000162      0x12a CMakeFiles/controller.elf.dir/src/pid.c.obj
 .debug_abbrev  0x000000000000028c      0x228 CMakeFiles/controller.elf.dir/src/imu.c.obj
 .debug_abbrev  0x00000000000004b4      0x20e CMakeFiles/controller.elf.dir/src/encoder.c.obj
 .debug_abbrev  0x00000000000006c2      0x100 CMakeFiles/controller.elf.dir/src/motor.c.obj
 .debug_abbrev  0x00000000000007c2      0x144 CMakeFiles/controller.elf.dir/src/differential_drive.c.obj
 .debug_abbrev  0x0000000000000906       0xca CMakeFiles/controller.elf.dir/src/stm32f1xx_it.c.obj
 .debug_abbrev  0x00000000000009d0       0xe7 CMakeFiles/controller.elf.dir/src/stm32f1xx_hal_msp.c.obj
 .debug_abbrev  0x0000000000000ab7      0x13b CMakeFiles/controller.elf.dir/src/system_stm32f1xx.c.obj
 .debug_abbrev  0x0000000000000bf2       0x12 CMakeFiles/controller.elf.dir/startup/startup_stm32f103xb.s.obj
 .debug_abbrev  0x0000000000000c04      0x1c8 CMakeFiles/controller.elf.dir/media/mohamed/Robotics1/repos/embedded_for_robotics/STM32Cube_FW_F1_V1.8.0/Drivers/STM32F1xx_HAL_Driver/Src/stm32f1xx_hal.c.obj
 .debug_abbrev  0x0000000000000dcc      0x2ed CMakeFiles/controller.elf.dir/media/mohamed/Robotics1/repos/embedded_for_robotics/STM32Cube_FW_F1_V1.8.0/Drivers/STM32F1xx_HAL_Driver/Src/stm32f1xx_hal_cortex.c.obj
 .debug_abbrev  0x00000000000010b9      0x260 CMakeFiles/controller.elf.dir/media/mohamed/Robotics1/repos/embedded_for_robotics/STM32Cube_FW_F1_V1.8.0/Drivers/STM32F1xx_HAL_Driver/Src/stm32f1xx_hal_rcc.c.obj
 .debug_abbrev  0x0000000000001319       0x14 /usr/lib/gcc/arm-none-eabi/10.3.1/thumb/v7-m/nofp/libgcc.a(_arm_addsubsf3.o)
 .debug_abbrev  0x000000000000132d       0x14 /usr/lib/gcc/arm-none-eabi/10.3.1/thumb/v7-m/nofp/libgcc.a(_arm_muldivsf3.o)
 .debug_abbrev  0x0000000000001341       0x14 /usr/lib/gcc/arm-none-eabi/10.3.1/thumb/v7-m/nofp/libgcc.a(_arm_cmpsf2.o)
 .debug_abbrev  0x0000000000001355       0x14 /usr/lib/gcc/arm-none-eabi/10.3.1/thumb/v7-m/nofp/libgcc.a(_arm_fixsfsi.o)
 .debug_abbrev  0x0000000000001369       0xcc /usr/lib/gcc/arm-none-eabi/10.3.1/../../../arm-none-eabi/lib/thumb/v7-m/nofp/libg_nano.a(lib_a-init.o)

.debug_aranges  0x0000000000000000      0x670
 .debug_aranges
                0x0000000000000000       0x40 CMakeFiles/controller.elf.dir/src/main.c.obj
 .debug_aranges
                0x0000000000000040       0x48 CMakeFiles/controller.elf.dir/src/pid.c.obj
 .debug_aranges
                0x0000000000000088       0xa0 CMakeFiles/controller.elf.dir/src/imu.c.obj
 .debug_aranges
                0x0000000000000128       0x90 CMakeFiles/controller.elf.dir/src/encoder.c.obj
 .debug_aranges
                0x00000000000001b8       0x58 CMakeFiles/controller.elf.dir/src/motor.c.obj
 .debug_aranges
                0x0000000000000210       0x68 CMakeFiles/controller.elf.dir/src/differential_drive.c.obj
 .debug_aranges
                0x0000000000000278       0x78 CMakeFiles/controller.elf.dir/src/stm32f1xx_it.c.obj
 .debug_aranges
                0x00000000000002f0       0x20 CMakeFiles/controller.elf.dir/src/stm32f1xx_hal_msp.c.obj
 .debug_aranges
                0x0000000000000310       0x28 CMakeFiles/controller.elf.dir/src/system_stm32f1xx.c.obj
 .debug_aranges
                0x0000000000000338       0x28 CMakeFiles/controller.elf.dir/startup/startup_stm32f103xb.s.obj
 .debug_aranges
                0x0000000000000360       0xe0 CMakeFiles/controller.elf.dir/media/mohamed/Robotics1/repos/embedded_for_robotics/STM32Cube_FW_F1_V1.8.0/Drivers/STM32F1xx_HAL_Driver/Src/stm32f1xx_hal.c.obj
 .debug_aranges
                0x0000000000000440      0x100 CMakeFiles/controller.elf.dir/media/mohamed/Robotics1/repos/embedded_for_robotics/STM32Cube_FW_F1_V1.8.0/Drivers/STM32F1xx_HAL_Driver/Src/stm32f1xx_hal_cortex.c.obj
 .debug_aranges
                0x0000000000000540       0x90 CMakeFiles/controller.elf.dir/media/mohamed/Robotics1/repos/embedded_for_robotics/STM32Cube_FW_F1_V1.8.0/Drivers/STM32F1xx_HAL_Driver/Src/stm32f1xx_hal_rcc.c.obj
 .debug_aranges
                0x00000000000005d0       0x20 /usr/lib/gcc/arm-none-eabi/10.3.1/thumb/v7-m/nofp/libgcc.a(_arm_addsubsf3.o)
 .debug_aranges
                0x00000000000005f0       0x20 /usr/lib/gcc/arm-none-eabi/10.3.1/thumb/v7-m/nofp/libgcc.a(_arm_muldivsf3.o)
 .debug_aranges
                0x0000000000000610       0x20 /usr/lib/gcc/arm-none-eabi/10.3.1/thumb/v7-m/nofp/libgcc.a(_arm_cmpsf2.o)
 .debug_aranges
                0x0000000000000630       0x20 /usr/lib/gcc/arm-none-eabi/10.3.1/thumb/v7-m/nofp/libgcc.a(_arm_fixsfsi.o)
 .debug_aranges
                0x0000000000000650       0x20 /usr/lib/gcc/arm-none-eabi/10.3.1/../../../arm-none-eabi/lib/thumb/v7-m/nofp/libg_nano.a(lib_a-init.o)

.debug_ranges   0x0000000000000000      0x508
 .debug_ranges  0x0000000000000000       0x30 CMakeFiles/controller.elf.dir/src/main.c.obj
 .debug_ranges  0x0000000000000030       0x38 CMakeFiles/controller.elf.dir/src/pid.c.obj
 .debug_ranges  0x0000000000000068       0x90 CMakeFiles/controller.elf.dir/src/imu.c.obj
 .debug_ranges  0x00000000000000f8       0x80 CMakeFiles/controller.elf.dir/src/encoder.c.obj
 .debug_ranges  0x0000000000000178       0x48 CMakeFiles/controller.elf.dir/src/motor.c.obj
 .debug_ranges  0x00000000000001c0       0x58 CMakeFiles/controller.elf.dir/src/differential_drive.c.obj
 .debug_ranges  0x0000000000000218       0x68 CMakeFiles/controller.elf.dir/src/stm32f1xx_it.c.obj
 .debug_ranges  0x0000000000000280       0x10 CMakeFiles/controller.elf.dir/src/stm32f1xx_hal_msp.c.obj
 .debug_ranges  0x0000000000000290       0x18 CMakeFiles/controller.elf.dir/src/system_stm32f1xx.c.obj
 .debug_ranges  0x00000000000002a8       0x20 CMakeFiles/controller.elf.dir/startup/startup_stm32f103xb.s.obj
 .debug_ranges  0x00000000000002c8       0xd0 CMakeFiles/controller.elf.dir/media/mohamed/Robotics1/repos/embedded_for_robotics/STM32Cube_FW_F1_V1.8.0/Drivers/STM32F1xx_HAL_Driver/Src/stm32f1xx_hal.c.obj
 .debug_ranges  0x0000000000000398       0xf0 CMakeFiles/controller.elf.dir/media/mohamed/Robotics1/repos/embedded_for_robotics/STM32Cube_FW_F1_V1.8.0/Drivers/STM32F1xx_HAL_Driver/Src/stm32f1xx_hal_cortex.c.obj
 .debug_ranges  0x0000000000000488       0x80 CMakeFiles/controller.elf.dir/media/mohamed/Robotics1/repos/embedded_for_robotics/STM32Cube_FW_F1_V1.8.0/Drivers/STM32F1xx_HAL_Driver/Src/stm32f1xx_hal_rcc.c.obj

.debug_macro    0x0000000000000000    0x16504
 .debug_macro   0x0000000000000000      0x187 CMakeFiles/controller.elf.dir/src/main.c.obj
 .debug_macro   0x0000000000000187      0xa6c CMakeFiles/controller.elf.dir/src/main.c.obj
 .debug_macro   0x0000000000000bf3       0x2e CMakeFiles/controller.elf.dir/src/main.c.obj
 .debug_macro   0x0000000000000c21       0x22 CMakeFiles/controller.elf.dir/src/main.c.obj
 .debug_macro   0x0000000000000c43      0x34e CMakeFiles/controller.elf.dir/src/main.c.obj
 .debug_macro   0x0000000000000f91       0x1c CMakeFiles/controller.elf.dir/src/main.c.obj
 .debug_macro   0x0000000000000fad       0x22 CMakeFiles/controller.elf.dir/src/main.c.obj
 .debug_macro   0x0000000000000fcf       0xeb CMakeFiles/controller.elf.dir/src/main.c.obj
 .debug_macro   0x00000000000010ba      0xd5c CMakeFiles/controller.elf.dir/src/main.c.obj
 .debug_macro   0x0000000000001e16     0xe09e CMakeFiles/controller.elf.dir/src/main.c.obj
 .debug_macro   0x000000000000feb4       0x6d CMakeFiles/controller.elf.dir/src/main.c.obj
 .debug_macro   0x000000000000ff21       0x76 CMakeFiles/controller.elf.dir/src/main.c.obj
 .debug_macro   0x000000000000ff97     0x34a2 CMakeFiles/controller.elf.dir/src/main.c.obj
 .debug_macro   0x0000000000013439      0x174 CMakeFiles/controller.elf.dir/src/main.c.obj
 .debug_macro   0x00000000000135ad       0x5c CMakeFiles/controller.elf.dir/src/main.c.obj
 .debug_macro   0x0000000000013609      0x5bc CMakeFiles/controller.elf.dir/src/main.c.obj
 .debug_macro   0x0000000000013bc5      0x289 CMakeFiles/controller.elf.dir/src/main.c.obj
 .debug_macro   0x0000000000013e4e      0x1cb CMakeFiles/controller.elf.dir/src/main.c.obj
 .debug_macro   0x0000000000014019      0x114 CMakeFiles/controller.elf.dir/src/main.c.obj
 .debug_macro   0x000000000001412d      0x1b2 CMakeFiles/controller.elf.dir/src/main.c.obj
 .debug_macro   0x00000000000142df       0x27 CMakeFiles/controller.elf.dir/src/main.c.obj
 .debug_macro   0x0000000000014306      0x1bc CMakeFiles/controller.elf.dir/src/main.c.obj
 .debug_macro   0x00000000000144c2       0x34 CMakeFiles/controller.elf.dir/src/main.c.obj
 .debug_macro   0x00000000000144f6       0x3c CMakeFiles/controller.elf.dir/src/main.c.obj
 .debug_macro   0x0000000000014532       0x57 CMakeFiles/controller.elf.dir/src/main.c.obj
 .debug_macro   0x0000000000014589       0x87 CMakeFiles/controller.elf.dir/src/main.c.obj
 .debug_macro   0x0000000000014610      0x240 CMakeFiles/controller.elf.dir/src/main.c.obj
 .debug_macro   0x0000000000014850      0x140 CMakeFiles/controller.elf.dir/src/main.c.obj
 .debug_macro   0x0000000000014990      0x8ed CMakeFiles/controller.elf.dir/src/main.c.obj
 .debug_macro   0x000000000001527d      0x28e CMakeFiles/controller.elf.dir/src/main.c.obj
 .debug_macro   0x000000000001550b       0x83 CMakeFiles/controller.elf.dir/src/main.c.obj
 .debug_macro   0x000000000001558e       0x22 CMakeFiles/controller.elf.dir/src/main.c.obj
 .debug_macro   0x00000000000155b0       0x2e CMakeFiles/controller.elf.dir/src/main.c.obj
 .debug_macro   0x00000000000155de       0x16 CMakeFiles/controller.elf.dir/src/main.c.obj
 .debug_macro   0x00000000000155f4       0x46 CMakeFiles/controller.elf.dir/src/main.c.obj
 .debug_macro   0x000000000001563a       0x10 CMakeFiles/controller.elf.dir/src/main.c.obj
 .debug_macro   0x000000000001564a       0x24 CMakeFiles/controller.elf.dir/src/pid.c.obj
 .debug_macro   0x000000000001566e      0x16e CMakeFiles/controller.elf.dir/src/imu.c.obj
 .debug_macro   0x00000000000157dc       0x40 CMakeFiles/controller.elf.dir/src/imu.c.obj
 .debug_macro   0x000000000001581c      0x168 CMakeFiles/controller.elf.dir/src/encoder.c.obj
 .debug_macro   0x0000000000015984       0x10 CMakeFiles/controller.elf.dir/src/encoder.c.obj
 .debug_macro   0x0000000000015994      0x192 CMakeFiles/controller.elf.dir/src/motor.c.obj
 .debug_macro   0x0000000000015b26      0x197 CMakeFiles/controller.elf.dir/src/differential_drive.c.obj
 .debug_macro   0x0000000000015cbd       0x28 CMakeFiles/controller.elf.dir/src/differential_drive.c.obj
 .debug_macro   0x0000000000015ce5      0x168 CMakeFiles/controller.elf.dir/src/stm32f1xx_it.c.obj
 .debug_macro   0x0000000000015e4d      0x159 CMakeFiles/controller.elf.dir/src/stm32f1xx_hal_msp.c.obj
 .debug_macro   0x0000000000015fa6      0x14a CMakeFiles/controller.elf.dir/src/system_stm32f1xx.c.obj
 .debug_macro   0x00000000000160f0      0x16e CMakeFiles/controller.elf.dir/media/mohamed/Robotics1/repos/embedded_for_robotics/STM32Cube_FW_F1_V1.8.0/Drivers/STM32F1xx_HAL_Driver/Src/stm32f1xx_hal.c.obj
 .debug_macro   0x000000000001625e      0x14a CMakeFiles/controller.elf.dir/media/mohamed/Robotics1/repos/embedded_for_robotics/STM32Cube_FW_F1_V1.8.0/Drivers/STM32F1xx_HAL_Driver/Src/stm32f1xx_hal_cortex.c.obj
 .debug_macro   0x00000000000163a8      0x15c CMakeFiles/controller.elf.dir/media/mohamed/Robotics1/repos/embedded_for_robotics/STM32Cube_FW_F1_V1.8.0/Drivers/STM32F1xx_HAL_Driver/Src/stm32f1xx_hal_rcc.c.obj

.debug_line     0x0000000000000000     0x5f6e
 .debug_line    0x0000000000000000      0x70b CMakeFiles/controller.elf.dir/src/main.c.obj
 .debug_line    0x000000000000070b      0x21b CMakeFiles/controller.elf.dir/src/pid.c.obj
 .debug_line    0x0000000000000926      0x879 CMakeFiles/controller.elf.dir/src/imu.c.obj
 .debug_line    0x000000000000119f      0x830 CMakeFiles/controller.elf.dir/src/encoder.c.obj
 .debug_line    0x00000000000019cf      0x6b1 CMakeFiles/controller.elf.dir/src/motor.c.obj
 .debug_line    0x0000000000002080      0x779 CMakeFiles/controller.elf.dir/src/differential_drive.c.obj
 .debug_line    0x00000000000027f9      0x6f1 CMakeFiles/controller.elf.dir/src/stm32f1xx_it.c.obj
 .debug_line    0x0000000000002eea      0x5b3 CMakeFiles/controller.elf.dir/src/stm32f1xx_hal_msp.c.obj
 .debug_line    0x000000000000349d      0x629 CMakeFiles/controller.elf.dir/src/system_stm32f1xx.c.obj
 .debug_line    0x0000000000003ac6       0xbc CMakeFiles/controller.elf.dir/startup/startup_stm32f103xb.s.obj
 .debug_line    0x0000000000003b82      0x867 CMakeFiles/controller.elf.dir/media/mohamed/Robotics1/repos/embedded_for_robotics/STM32Cube_FW_F1_V1.8.0/Drivers/STM32F1xx_HAL_Driver/Src/stm32f1xx_hal.c.obj
 .debug_line    0x00000000000043e9      0xa55 CMakeFiles/controller.elf.dir/media/mohamed/Robotics1/repos/embedded_for_robotics/STM32Cube_FW_F1_V1.8.0/Drivers/STM32F1xx_HAL_Driver/Src/stm32f1xx_hal_cortex.c.obj
 .debug_line    0x0000000000004e3e      0xc73 CMakeFiles/controller.elf.dir/media/mohamed/Robotics1/repos/embedded_for_robotics/STM32Cube_FW_F1_V1.8.0/Drivers/STM32F1xx_HAL_Driver/Src/stm32f1xx_hal_rcc.c.obj
 .debug_line    0x0000000000005ab1      0x11a /usr/lib/gcc/arm-none-eabi/10.3.1/thumb/v7-m/nofp/libgcc.a(_arm_addsubsf3.o)
 .debug_line    0x0000000000005bcb      0x13a /usr/lib/gcc/arm-none-eabi/10.3.1/thumb/v7-m/nofp/libgcc.a(_arm_muldivsf3.o)
 .debug_line    0x0000000000005d05       0xb1 /usr/lib/gcc/arm-none-eabi/10.3.1/thumb/v7-m/nofp/libgcc.a(_arm_cmpsf2.o)
 .debug_line    0x0000000000005db6       0x79 /usr/lib/gcc/arm-none-eabi/10.3.1/thumb/v7-m/nofp/libgcc.a(_arm_fixsfsi.o)
 .debug_line    0x0000000000005e2f      0x13f /usr/lib/gcc/arm-none-eabi/10.3.1/../../../arm-none-eabi/lib/thumb/v7-m/nofp/libg_nano.a(lib_a-init.o)

.debug_str      0x0000000000000000    0x83f9d
 .debug_str     0x0000000000000000    0x8248b CMakeFiles/controller.elf.dir/src/main.c.obj
                                      0x827bc (size before relaxing)
 .debug_str     0x000000000008248b       0xf9 CMakeFiles/controller.elf.dir/src/pid.c.obj
                                       0x3848 (size before relaxing)
 .debug_str     0x0000000000082584      0x1cb CMakeFiles/controller.elf.dir/src/imu.c.obj
                                      0x827c1 (size before relaxing)
 .debug_str     0x000000000008274f      0x50f CMakeFiles/controller.elf.dir/src/encoder.c.obj
                                      0x82a9c (size before relaxing)
 .debug_str     0x0000000000082c5e      0x180 CMakeFiles/controller.elf.dir/src/motor.c.obj
                                      0x826ae (size before relaxing)
 .debug_str     0x0000000000082dde      0x297 CMakeFiles/controller.elf.dir/src/differential_drive.c.obj
                                      0x82961 (size before relaxing)
 .debug_str     0x0000000000083075      0x118 CMakeFiles/controller.elf.dir/src/stm32f1xx_it.c.obj
                                      0x825d1 (size before relaxing)
 .debug_str     0x000000000008318d       0x6b CMakeFiles/controller.elf.dir/src/stm32f1xx_hal_msp.c.obj
                                      0x827da (size before relaxing)
 .debug_str     0x00000000000831f8       0xb6 CMakeFiles/controller.elf.dir/src/system_stm32f1xx.c.obj
                                      0x824d5 (size before relaxing)
 .debug_str     0x00000000000832ae       0x6a CMakeFiles/controller.elf.dir/startup/startup_stm32f103xb.s.obj
                                         0xb0 (size before relaxing)
 .debug_str     0x0000000000083318      0x3d9 CMakeFiles/controller.elf.dir/media/mohamed/Robotics1/repos/embedded_for_robotics/STM32Cube_FW_F1_V1.8.0/Drivers/STM32F1xx_HAL_Driver/Src/stm32f1xx_hal.c.obj
                                      0x82bd4 (size before relaxing)
 .debug_str     0x00000000000836f1      0x2e6 CMakeFiles/controller.elf.dir/media/mohamed/Robotics1/repos/embedded_for_robotics/STM32Cube_FW_F1_V1.8.0/Drivers/STM32F1xx_HAL_Driver/Src/stm32f1xx_hal_cortex.c.obj
                                      0x82b5c (size before relaxing)
 .debug_str     0x00000000000839d7      0x3be CMakeFiles/controller.elf.dir/media/mohamed/Robotics1/repos/embedded_for_robotics/STM32Cube_FW_F1_V1.8.0/Drivers/STM32F1xx_HAL_Driver/Src/stm32f1xx_hal_rcc.c.obj
                                      0x828e3 (size before relaxing)
 .debug_str     0x0000000000083d95       0xa7 /usr/lib/gcc/arm-none-eabi/10.3.1/thumb/v7-m/nofp/libgcc.a(_arm_addsubsf3.o)
 .debug_str     0x0000000000083e3c       0xa7 /usr/lib/gcc/arm-none-eabi/10.3.1/thumb/v7-m/nofp/libgcc.a(_arm_muldivsf3.o)
 .debug_str     0x0000000000083e3c       0xa7 /usr/lib/gcc/arm-none-eabi/10.3.1/thumb/v7-m/nofp/libgcc.a(_arm_cmpsf2.o)
 .debug_str     0x0000000000083e3c       0xa7 /usr/lib/gcc/arm-none-eabi/10.3.1/thumb/v7-m/nofp/libgcc.a(_arm_fixsfsi.o)
 .debug_str     0x0000000000083e3c      0x161 /usr/lib/gcc/arm-none-eabi/10.3.1/../../../arm-none-eabi/lib/thumb/v7-m/nofp/libg_nano.a(lib_a-init.o)
                                        0x203 (size before relaxing)

.debug_frame    0x0000000000000000     0x1584
 .debug_frame   0x0000000000000000       0xb4 CMakeFiles/controller.elf.dir/src/main.c.obj
 .debug_frame   0x00000000000000b4       0xf4 CMakeFiles/controller.elf.dir/src/pid.c.obj
 .debug_frame   0x00000000000001a8      0x258 CMakeFiles/controller.elf.dir/src/imu.c.obj
 .debug_frame   0x0000000000000400      0x208 CMakeFiles/controller.elf.dir/src/encoder.c.obj
 .debug_frame   0x0000000000000608      0x12c CMakeFiles/controller.elf.dir/src/motor.c.obj
 .debug_frame   0x0000000000000734      0x15c CMakeFiles/controller.elf.dir/src/differential_drive.c.obj
 .debug_frame   0x0000000000000890      0x158 CMakeFiles/controller.elf.dir/src/stm32f1xx_it.c.obj
 .debug_frame   0x00000000000009e8       0x34 CMakeFiles/controller.elf.dir/src/stm32f1xx_hal_msp.c.obj
 .debug_frame   0x0000000000000a1c       0x58 CMakeFiles/controller.elf.dir/src/system_stm32f1xx.c.obj
 .debug_frame   0x0000000000000a74      0x334 CMakeFiles/controller.elf.dir/media/mohamed/Robotics1/repos/embedded_for_robotics/STM32Cube_FW_F1_V1.8.0/Drivers/STM32F1xx_HAL_Driver/Src/stm32f1xx_hal.c.obj
 .debug_frame   0x0000000000000da8      0x428 CMakeFiles/controller.elf.dir/media/mohamed/Robotics1/repos/embedded_for_robotics/STM32Cube_FW_F1_V1.8.0/Drivers/STM32F1xx_HAL_Driver/Src/stm32f1xx_hal_cortex.c.obj
 .debug_frame   0x00000000000011d0      0x218 CMakeFiles/controller.elf.dir/media/mohamed/Robotics1/repos/embedded_for_robotics/STM32Cube_FW_F1_V1.8.0/Drivers/STM32F1xx_HAL_Driver/Src/stm32f1xx_hal_rcc.c.obj
 .debug_frame   0x00000000000013e8       0x4c /usr/lib/gcc/arm-none-eabi/10.3.1/thumb/v7-m/nofp/libgcc.a(_arm_addsubsf3.o)
 .debug_frame   0x0000000000001434       0x38 /usr/lib/gcc/arm-none-eabi/10.3.1/thumb/v7-m/nofp/libgcc.a(_arm_muldivsf3.o)
 .debug_frame   0x000000000000146c       0xc8 /usr/lib/gcc/arm-none-eabi/10.3.1/thumb/v7-m/nofp/libgcc.a(_arm_cmpsf2.o)
 .debug_frame   0x0000000000001534       0x24 /usr/lib/gcc/arm-none-eabi/10.3.1/thumb/v7-m/nofp/libgcc.a(_arm_fixsfsi.o)
 .debug_frame   0x0000000000001558       0x2c /usr/lib/gcc/arm-none-eabi/10.3.1/../../../arm-none-eabi/lib/thumb/v7-m/nofp/libg_nano.a(lib_a-init.o)

.debug_loc      0x0000000000000000       0xba
 .debug_loc     0x0000000000000000       0xba /usr/lib/gcc/arm-none-eabi/10.3.1/../../../arm-none-eabi/lib/thumb/v7-m/nofp/libg_nano.a(lib_a-init.o)
