Archive member included to satisfy reference by file (symbol)

/usr/lib/gcc/arm-none-eabi/10.3.1/../../../arm-none-eabi/lib/thumb/v7-m/nofp/libg_nano.a(lib_a-atexit.o)
                              /usr/lib/gcc/arm-none-eabi/10.3.1/../../../arm-none-eabi/lib/thumb/v7-m/nofp/crt0.o (atexit)
/usr/lib/gcc/arm-none-eabi/10.3.1/../../../arm-none-eabi/lib/thumb/v7-m/nofp/libg_nano.a(lib_a-exit.o)
                              /usr/lib/gcc/arm-none-eabi/10.3.1/../../../arm-none-eabi/lib/thumb/v7-m/nofp/crt0.o (exit)
/usr/lib/gcc/arm-none-eabi/10.3.1/../../../arm-none-eabi/lib/thumb/v7-m/nofp/libg_nano.a(lib_a-fini.o)
                              /usr/lib/gcc/arm-none-eabi/10.3.1/../../../arm-none-eabi/lib/thumb/v7-m/nofp/crt0.o (__libc_fini_array)
/usr/lib/gcc/arm-none-eabi/10.3.1/../../../arm-none-eabi/lib/thumb/v7-m/nofp/libg_nano.a(lib_a-impure.o)
                              /usr/lib/gcc/arm-none-eabi/10.3.1/../../../arm-none-eabi/lib/thumb/v7-m/nofp/libg_nano.a(lib_a-exit.o) (_global_impure_ptr)
/usr/lib/gcc/arm-none-eabi/10.3.1/../../../arm-none-eabi/lib/thumb/v7-m/nofp/libg_nano.a(lib_a-init.o)
                              /usr/lib/gcc/arm-none-eabi/10.3.1/../../../arm-none-eabi/lib/thumb/v7-m/nofp/crt0.o (__libc_init_array)
/usr/lib/gcc/arm-none-eabi/10.3.1/../../../arm-none-eabi/lib/thumb/v7-m/nofp/libg_nano.a(lib_a-memset.o)
                              /usr/lib/gcc/arm-none-eabi/10.3.1/../../../arm-none-eabi/lib/thumb/v7-m/nofp/crt0.o (memset)
/usr/lib/gcc/arm-none-eabi/10.3.1/../../../arm-none-eabi/lib/thumb/v7-m/nofp/libg_nano.a(lib_a-__atexit.o)
                              /usr/lib/gcc/arm-none-eabi/10.3.1/../../../arm-none-eabi/lib/thumb/v7-m/nofp/libg_nano.a(lib_a-atexit.o) (__register_exitproc)
/usr/lib/gcc/arm-none-eabi/10.3.1/../../../arm-none-eabi/lib/thumb/v7-m/nofp/libg_nano.a(lib_a-__call_atexit.o)
                              /usr/lib/gcc/arm-none-eabi/10.3.1/../../../arm-none-eabi/lib/thumb/v7-m/nofp/libg_nano.a(lib_a-__atexit.o) (__call_exitprocs)
/usr/lib/gcc/arm-none-eabi/10.3.1/../../../arm-none-eabi/lib/thumb/v7-m/nofp/libnosys.a(_exit.o)
                              /usr/lib/gcc/arm-none-eabi/10.3.1/../../../arm-none-eabi/lib/thumb/v7-m/nofp/libg_nano.a(lib_a-exit.o) (_exit)

Discarded input sections

 .text          0x0000000000000000        0x0 /usr/lib/gcc/arm-none-eabi/10.3.1/thumb/v7-m/nofp/crti.o
 .data          0x0000000000000000        0x0 /usr/lib/gcc/arm-none-eabi/10.3.1/thumb/v7-m/nofp/crti.o
 .bss           0x0000000000000000        0x0 /usr/lib/gcc/arm-none-eabi/10.3.1/thumb/v7-m/nofp/crti.o
 .data          0x0000000000000000        0x4 /usr/lib/gcc/arm-none-eabi/10.3.1/thumb/v7-m/nofp/crtbegin.o
 .rodata        0x0000000000000000       0x24 /usr/lib/gcc/arm-none-eabi/10.3.1/thumb/v7-m/nofp/crtbegin.o
 .text          0x0000000000000000       0x70 /usr/lib/gcc/arm-none-eabi/10.3.1/../../../arm-none-eabi/lib/thumb/v7-m/nofp/crt0.o
 .data          0x0000000000000000        0x0 /usr/lib/gcc/arm-none-eabi/10.3.1/../../../arm-none-eabi/lib/thumb/v7-m/nofp/crt0.o
 .bss           0x0000000000000000        0x0 /usr/lib/gcc/arm-none-eabi/10.3.1/../../../arm-none-eabi/lib/thumb/v7-m/nofp/crt0.o
 .ARM.extab     0x0000000000000000        0x0 /usr/lib/gcc/arm-none-eabi/10.3.1/../../../arm-none-eabi/lib/thumb/v7-m/nofp/crt0.o
 .ARM.exidx     0x0000000000000000       0x10 /usr/lib/gcc/arm-none-eabi/10.3.1/../../../arm-none-eabi/lib/thumb/v7-m/nofp/crt0.o
 .debug_line    0x0000000000000000       0x87 /usr/lib/gcc/arm-none-eabi/10.3.1/../../../arm-none-eabi/lib/thumb/v7-m/nofp/crt0.o
 .debug_info    0x0000000000000000       0x26 /usr/lib/gcc/arm-none-eabi/10.3.1/../../../arm-none-eabi/lib/thumb/v7-m/nofp/crt0.o
 .debug_abbrev  0x0000000000000000       0x14 /usr/lib/gcc/arm-none-eabi/10.3.1/../../../arm-none-eabi/lib/thumb/v7-m/nofp/crt0.o
 .debug_aranges
                0x0000000000000000       0x20 /usr/lib/gcc/arm-none-eabi/10.3.1/../../../arm-none-eabi/lib/thumb/v7-m/nofp/crt0.o
 .debug_str     0x0000000000000000       0x94 /usr/lib/gcc/arm-none-eabi/10.3.1/../../../arm-none-eabi/lib/thumb/v7-m/nofp/crt0.o
 .ARM.attributes
                0x0000000000000000       0x1b /usr/lib/gcc/arm-none-eabi/10.3.1/../../../arm-none-eabi/lib/thumb/v7-m/nofp/crt0.o
 .group         0x0000000000000000        0xc CMakeFiles/oled_display.elf.dir/src/main.cpp.obj
 .group         0x0000000000000000        0xc CMakeFiles/oled_display.elf.dir/src/main.cpp.obj
 .group         0x0000000000000000        0xc CMakeFiles/oled_display.elf.dir/src/main.cpp.obj
 .group         0x0000000000000000        0xc CMakeFiles/oled_display.elf.dir/src/main.cpp.obj
 .group         0x0000000000000000        0xc CMakeFiles/oled_display.elf.dir/src/main.cpp.obj
 .group         0x0000000000000000        0xc CMakeFiles/oled_display.elf.dir/src/main.cpp.obj
 .group         0x0000000000000000        0xc CMakeFiles/oled_display.elf.dir/src/main.cpp.obj
[...]
Memory Configuration

Name             Origin             Length             Attributes
RAM              0x0000000020000000 0x0000000000005000 xrw
FLASH            0x0000000008000000 0x0000000000010000 xr
*default*        0x0000000000000000 0xffffffffffffffff

Linker script and memory map

LOAD /usr/lib/gcc/arm-none-eabi/10.3.1/thumb/v7-m/nofp/crti.o
LOAD /usr/lib/gcc/arm-none-eabi/10.3.1/thumb/v7-m/nofp/crtbegin.o
LOAD /usr/lib/gcc/arm-none-eabi/10.3.1/../../../arm-none-eabi/lib/thumb/v7-m/nofp/crt0.o
LOAD CMakeFiles/oled_display.elf.dir/src/main.cpp.obj
LOAD CMakeFiles/oled_display.elf.dir/src/stm32f1xx_it.c.obj
LOAD CMakeFiles/oled_display.elf.dir/src/stm32f1xx_hal_msp.c.obj
LOAD CMakeFiles/oled_display.elf.dir/src/system_stm32f1xx.c.obj
LOAD CMakeFiles/oled_display.elf.dir/src/i2c.cpp.obj
LOAD CMakeFiles/oled_display.elf.dir/src/ssd1306.cpp.obj
LOAD CMakeFiles/oled_display.elf.dir/src/fonts.cpp.obj
LOAD CMakeFiles/oled_display.elf.dir/src/encoder.c.obj
LOAD CMakeFiles/oled_display.elf.dir/startup/startup_stm32f103xb.s.obj
LOAD CMakeFiles/oled_display.elf.dir/media/mohamed/Robotics1/repos/embedded_for_robotics/STM32Cube_FW_F1_V1.8.0/Drivers/STM32F1xx_HAL_Driver/Src/stm32f1xx_hal.c.obj
LOAD CMakeFiles/oled_display.elf.dir/media/mohamed/Robotics1/repos/embedded_for_robotics/STM32Cube_FW_F1_V1.8.0/Drivers/STM32F1xx_HAL_Driver/Src/stm32f1xx_hal_cortex.c.obj
LOAD CMakeFiles/oled_display.elf.dir/media/mohamed/Robotics1/repos/embedded_for_robotics/STM32Cube_FW_F1_V1.8.0/Drivers/STM32F1xx_HAL_Driver/Src/stm32f1xx_hal_dma.c.obj
LOAD CMakeFiles/oled_display.elf.dir/media/mohamed/Robotics1/repos/embedded_for_robotics/STM32Cube_FW_F1_V1.8.0/Drivers/STM32F1xx_HAL_Driver/Src/stm32f1xx_hal_flash.c.obj
LOAD CMakeFiles/oled_display.elf.dir/media/mohamed/Robotics1/repos/embedded_for_robotics/STM32Cube_FW_F1_V1.8.0/Drivers/STM32F1xx_HAL_Driver/Src/stm32f1xx_hal_flash_ex.c.obj
LOAD CMakeFiles/oled_display.elf.dir/media/mohamed/Robotics1/repos/embedded_for_robotics/STM32Cube_FW_F1_V1.8.0/Drivers/STM32F1xx_HAL_Driver/Src/stm32f1xx_hal_gpio.c.obj
LOAD CMakeFiles/oled_display.elf.dir/media/mohamed/Robotics1/repos/embedded_for_robotics/STM32Cube_FW_F1_V1.8.0/Drivers/STM32F1xx_HAL_Driver/Src/stm32f1xx_hal_i2c.c.obj
LOAD CMakeFiles/oled_display.elf.dir/media/mohamed/Robotics1/repos/embedded_for_robotics/STM32Cube_FW_F1_V1.8.0/Drivers/STM32F1xx_HAL_Driver/Src/stm32f1xx_hal_pwr.c.obj
LOAD CMakeFiles/oled_display.elf.dir/media/mohamed/Robotics1/repos/embedded_for_robotics/STM32Cube_FW_F1_V1.8.0/Drivers/STM32F1xx_HAL_Driver/Src/stm32f1xx_hal_rcc.c.obj
LOAD CMakeFiles/oled_display.elf.dir/media/mohamed/Robotics1/repos/embedded_for_robotics/STM32Cube_FW_F1_V1.8.0/Drivers/STM32F1xx_HAL_Driver/Src/stm32f1xx_hal_rcc_ex.c.obj
LOAD /usr/lib/gcc/arm-none-eabi/10.3.1/../../../arm-none-eabi/lib/thumb/v7-m/nofp/libstdc++_nano.a
LOAD /usr/lib/gcc/arm-none-eabi/10.3.1/../../../arm-none-eabi/lib/thumb/v7-m/nofp/libm.a
START GROUP
LOAD /usr/lib/gcc/arm-none-eabi/10.3.1/thumb/v7-m/nofp/libgcc.a
LOAD /usr/lib/gcc/arm-none-eabi/10.3.1/../../../arm-none-eabi/lib/thumb/v7-m/nofp/libg_nano.a
LOAD /usr/lib/gcc/arm-none-eabi/10.3.1/../../../arm-none-eabi/lib/thumb/v7-m/nofp/libc_nano.a
END GROUP
START GROUP
LOAD /usr/lib/gcc/arm-none-eabi/10.3.1/thumb/v7-m/nofp/libgcc.a
LOAD /usr/lib/gcc/arm-none-eabi/10.3.1/../../../arm-none-eabi/lib/thumb/v7-m/nofp/libc_nano.a
LOAD /usr/lib/gcc/arm-none-eabi/10.3.1/../../../arm-none-eabi/lib/thumb/v7-m/nofp/libnosys.a
END GROUP
START GROUP
LOAD /usr/lib/gcc/arm-none-eabi/10.3.1/thumb/v7-m/nofp/libgcc.a
LOAD /usr/lib/gcc/arm-none-eabi/10.3.1/../../../arm-none-eabi/lib/thumb/v7-m/nofp/libc_nano.a
LOAD /usr/lib/gcc/arm-none-eabi/10.3.1/../../../arm-none-eabi/lib/thumb/v7-m/nofp/libnosys.a
END GROUP
LOAD /usr/lib/gcc/arm-none-eabi/10.3.1/thumb/v7-m/nofp/crtend.o
LOAD /usr/lib/gcc/arm-none-eabi/10.3.1/thumb/v7-m/nofp/crtn.o
                0x0000000020005000                _estack = 0x20005000
                0x0000000000000200                _Min_Heap_Size = 0x200
                0x0000000000000400                _Min_Stack_Size = 0x400

.isr_vector     0x0000000008000000      0x10c
                0x0000000008000000                . = ALIGN (0x4)
 *(.isr_vector)
 .isr_vector    0x0000000008000000      0x10c CMakeFiles/oled_display.elf.dir/startup/startup_stm32f103xb.s.obj
                0x0000000008000000                g_pfnVectors
                0x000000000800010c                . = ALIGN (0x4)

.text           0x000000000800010c     0x23dc
                0x000000000800010c                . = ALIGN (0x4)
 *(.text)
 .text          0x000000000800010c       0x88 /usr/lib/gcc/arm-none-eabi/10.3.1/thumb/v7-m/nofp/crtbegin.o
 .text          0x0000000008000194       0x48 /usr/lib/gcc/arm-none-eabi/10.3.1/../../../arm-none-eabi/lib/thumb/v7-m/nofp/libg_nano.a(lib_a-init.o)
                0x0000000008000194                __libc_init_array
 .text          0x00000000080001dc       0xa4 /usr/lib/gcc/arm-none-eabi/10.3.1/../../../arm-none-eabi/lib/thumb/v7-m/nofp/libg_nano.a(lib_a-memset.o)
                0x00000000080001dc                memset
 *(.text*)
 .text.main     0x0000000008000280      0x130 CMakeFiles/oled_display.elf.dir/src/main.cpp.obj
                0x0000000008000280                main
 .text.SystemClock_Config
                0x00000000080003b0       0x9a CMakeFiles/oled_display.elf.dir/src/main.cpp.obj
                0x00000000080003b0                SystemClock_Config
 .text.Error_Handler
                0x000000000800044a        0xa CMakeFiles/oled_display.elf.dir/src/main.cpp.obj
                0x000000000800044a                Error_Handler
 .text.NMI_Handler
                0x0000000008000454        0x6 CMakeFiles/oled_display.elf.dir/src/stm32f1xx_it.c.obj
                0x0000000008000454                NMI_Handler
 .text.HardFault_Handler
                0x000000000800045a        0x6 CMakeFiles/oled_display.elf.dir/src/stm32f1xx_it.c.obj
                0x000000000800045a                HardFault_Handler
 .text.MemManage_Handler
                0x0000000008000460        0x6 CMakeFiles/oled_display.elf.dir/src/stm32f1xx_it.c.obj
                0x0000000008000460                MemManage_Handler
 .text.BusFault_Handler
                0x0000000008000466        0x6 CMakeFiles/oled_display.elf.dir/src/stm32f1xx_it.c.obj
                0x0000000008000466                BusFault_Handler
 .text.UsageFault_Handler
                0x000000000800046c        0x6 CMakeFiles/oled_display.elf.dir/src/stm32f1xx_it.c.obj
                0x000000000800046c                UsageFault_Handler
 .text.SVC_Handler
                0x0000000008000472        0xc CMakeFiles/oled_display.elf.dir/src/stm32f1xx_it.c.obj
                0x0000000008000472                SVC_Handler
 .text.DebugMon_Handler
                0x000000000800047e        0xc CMakeFiles/oled_display.elf.dir/src/stm32f1xx_it.c.obj
                0x000000000800047e                DebugMon_Handler
 .text.PendSV_Handler
                0x000000000800048a        0xc CMakeFiles/oled_display.elf.dir/src/stm32f1xx_it.c.obj
                0x000000000800048a                PendSV_Handler
 .text.SysTick_Handler
                0x0000000008000496        0xc CMakeFiles/oled_display.elf.dir/src/stm32f1xx_it.c.obj
                0x0000000008000496                SysTick_Handler
 *fill*         0x00000000080004a2        0x2 
 .text.HAL_MspInit
                0x00000000080004a4       0x64 CMakeFiles/oled_display.elf.dir/src/stm32f1xx_hal_msp.c.obj
                0x00000000080004a4                HAL_MspInit
 .text.SystemInit
                0x0000000008000508        0xc CMakeFiles/oled_display.elf.dir/src/system_stm32f1xx.c.obj
                0x0000000008000508                SystemInit
 .text._ZN3I2CC2Eh
                0x0000000008000514       0x2a CMakeFiles/oled_display.elf.dir/src/i2c.cpp.obj
                0x0000000008000514                I2C::I2C(unsigned char)
                0x0000000008000514                I2C::I2C(unsigned char)
 *fill*         0x000000000800053e        0x2 
 .text._ZN3I2C13configureGPIOEv
                0x0000000008000540       0x58 CMakeFiles/oled_display.elf.dir/src/i2c.cpp.obj
                0x0000000008000540                I2C::configureGPIO()
 .text._ZN3I2C4initEv
                0x0000000008000598       0x7c CMakeFiles/oled_display.elf.dir/src/i2c.cpp.obj
                0x0000000008000598                I2C::init()
 .text._ZN3I2C9writeDataEhPKht
                0x0000000008000614       0x50 CMakeFiles/oled_display.elf.dir/src/i2c.cpp.obj
                0x0000000008000614                I2C::writeData(unsigned char, unsigned char const*, unsigned short)
 .text._ZN7SSD1306C2ER3I2C
                0x0000000008000664       0x2a CMakeFiles/oled_display.elf.dir/src/ssd1306.cpp.obj
                0x0000000008000664                SSD1306::SSD1306(I2C&)
                0x0000000008000664                SSD1306::SSD1306(I2C&)
 .text._ZN7SSD130611sendCommandEh
                0x000000000800068e       0x2a CMakeFiles/oled_display.elf.dir/src/ssd1306.cpp.obj
                0x000000000800068e                SSD1306::sendCommand(unsigned char)
 .text._ZN7SSD13068sendDataEPKht
                0x00000000080006b8       0x5c CMakeFiles/oled_display.elf.dir/src/ssd1306.cpp.obj
                0x00000000080006b8                SSD1306::sendData(unsigned char const*, unsigned short)
 .text._ZN7SSD13064initEv
                0x0000000008000714       0xec CMakeFiles/oled_display.elf.dir/src/ssd1306.cpp.obj
                0x0000000008000714                SSD1306::init()
 .text._ZN7SSD13065clearE5Color
                0x0000000008000800       0x32 CMakeFiles/oled_display.elf.dir/src/ssd1306.cpp.obj
                0x0000000008000800                SSD1306::clear(Color)
 .text._ZN7SSD13067displayEv
                0x0000000008000832       0x50 CMakeFiles/oled_display.elf.dir/src/ssd1306.cpp.obj
                0x0000000008000832                SSD1306::display()
 .text._ZN7SSD13069drawPixelEhh5Color
                0x0000000008000882       0x98 CMakeFiles/oled_display.elf.dir/src/ssd1306.cpp.obj
                0x0000000008000882                SSD1306::drawPixel(unsigned char, unsigned char, Color)
 .text._ZN7SSD13068drawLineEhhhh5Color
                0x000000000800091a       0xde CMakeFiles/oled_display.elf.dir/src/ssd1306.cpp.obj
                0x000000000800091a                SSD1306::drawLine(unsigned char, unsigned char, unsigned char, unsigned char, Color)
 .text._ZN7SSD13068drawRectEhhhh5Color
                0x00000000080009f8       0xd0 CMakeFiles/oled_display.elf.dir/src/ssd1306.cpp.obj
                0x00000000080009f8                SSD1306::drawRect(unsigned char, unsigned char, unsigned char, unsigned char, Color)
 .text._ZN7SSD13068fillRectEhhhh5Color
                0x0000000008000ac8       0x68 CMakeFiles/oled_display.elf.dir/src/ssd1306.cpp.obj
                0x0000000008000ac8                SSD1306::fillRect(unsigned char, unsigned char, unsigned char, unsigned char, Color)
 .text._ZN7SSD13068drawCharEhhc5Color
                0x0000000008000b30       0x86 CMakeFiles/oled_display.elf.dir/src/ssd1306.cpp.obj
                0x0000000008000b30                SSD1306::drawChar(unsigned char, unsigned char, char, Color)
 .text._ZN7SSD130610drawStringEhhPKc5Color
                0x0000000008000bb6       0x66 CMakeFiles/oled_display.elf.dir/src/ssd1306.cpp.obj
                0x0000000008000bb6                SSD1306::drawString(unsigned char, unsigned char, char const*, Color)
 .text._ZN7SSD130613invertDisplayEb
                0x0000000008000c1c       0x28 CMakeFiles/oled_display.elf.dir/src/ssd1306.cpp.obj
                0x0000000008000c1c                SSD1306::invertDisplay(bool)
 .text._Z11getCharDatac
                0x0000000008000c44       0x38 CMakeFiles/oled_display.elf.dir/src/fonts.cpp.obj
                0x0000000008000c44                getCharData(char)
 .text.Encoder_ProcessState
                0x0000000008000c7c       0x80 CMakeFiles/oled_display.elf.dir/src/encoder.c.obj
 .text.EXTI0_IRQHandler
                0x0000000008000cfc       0x24 CMakeFiles/oled_display.elf.dir/src/encoder.c.obj
                0x0000000008000cfc                EXTI0_IRQHandler
 .text.EXTI1_IRQHandler
                0x0000000008000d20       0x24 CMakeFiles/oled_display.elf.dir/src/encoder.c.obj
                0x0000000008000d20                EXTI1_IRQHandler
 .text.Reset_Handler
                0x0000000008000d44       0x48 CMakeFiles/oled_display.elf.dir/startup/startup_stm32f103xb.s.obj
                0x0000000008000d44                Reset_Handler
 .text.Default_Handler
                0x0000000008000d8c        0x2 CMakeFiles/oled_display.elf.dir/startup/startup_stm32f103xb.s.obj
                0x0000000008000d8c                RTC_Alarm_IRQHandler
                0x0000000008000d8c                EXTI2_IRQHandler
                0x0000000008000d8c                TIM1_CC_IRQHandler
                0x0000000008000d8c                PVD_IRQHandler
                0x0000000008000d8c                EXTI3_IRQHandler
                0x0000000008000d8c                I2C2_EV_IRQHandler
                0x0000000008000d8c                ADC1_2_IRQHandler
                0x0000000008000d8c                SPI1_IRQHandler
                0x0000000008000d8c                TAMPER_IRQHandler
                0x0000000008000d8c                DMA1_Channel4_IRQHandler
                0x0000000008000d8c                USART3_IRQHandler
                0x0000000008000d8c                RTC_IRQHandler
                0x0000000008000d8c                DMA1_Channel7_IRQHandler
                0x0000000008000d8c                CAN1_RX1_IRQHandler
                0x0000000008000d8c                TIM4_IRQHandler
                0x0000000008000d8c                I2C1_EV_IRQHandler
                0x0000000008000d8c                DMA1_Channel6_IRQHandler
                0x0000000008000d8c                TIM3_IRQHandler
                0x0000000008000d8c                RCC_IRQHandler
                0x0000000008000d8c                TIM1_TRG_COM_IRQHandler
                0x0000000008000d8c                DMA1_Channel1_IRQHandler
                0x0000000008000d8c                Default_Handler
                0x0000000008000d8c                EXTI15_10_IRQHandler
                0x0000000008000d8c                EXTI9_5_IRQHandler
                0x0000000008000d8c                SPI2_IRQHandler
                0x0000000008000d8c                DMA1_Channel5_IRQHandler
                0x0000000008000d8c                EXTI4_IRQHandler
                0x0000000008000d8c                USB_LP_CAN1_RX0_IRQHandler
                0x0000000008000d8c                USB_HP_CAN1_TX_IRQHandler
                0x0000000008000d8c                DMA1_Channel3_IRQHandler
                0x0000000008000d8c                TIM1_UP_IRQHandler
                0x0000000008000d8c                WWDG_IRQHandler
                0x0000000008000d8c                TIM2_IRQHandler
                0x0000000008000d8c                TIM1_BRK_IRQHandler
                0x0000000008000d8c                USART2_IRQHandler
                0x0000000008000d8c                I2C2_ER_IRQHandler
                0x0000000008000d8c                DMA1_Channel2_IRQHandler
                0x0000000008000d8c                CAN1_SCE_IRQHandler
                0x0000000008000d8c                FLASH_IRQHandler
                0x0000000008000d8c                USART1_IRQHandler
                0x0000000008000d8c                I2C1_ER_IRQHandler
                0x0000000008000d8c                USBWakeUp_IRQHandler
 *fill*         0x0000000008000d8e        0x2 
 .text.HAL_Init
                0x0000000008000d90       0x2c CMakeFiles/oled_display.elf.dir/media/mohamed/Robotics1/repos/embedded_for_robotics/STM32Cube_FW_F1_V1.8.0/Drivers/STM32F1xx_HAL_Driver/Src/stm32f1xx_hal.c.obj
                0x0000000008000d90                HAL_Init
 .text.HAL_InitTick
                0x0000000008000dbc       0x60 CMakeFiles/oled_display.elf.dir/media/mohamed/Robotics1/repos/embedded_for_robotics/STM32Cube_FW_F1_V1.8.0/Drivers/STM32F1xx_HAL_Driver/Src/stm32f1xx_hal.c.obj
                0x0000000008000dbc                HAL_InitTick
 .text.HAL_IncTick
                0x0000000008000e1c       0x24 CMakeFiles/oled_display.elf.dir/media/mohamed/Robotics1/repos/embedded_for_robotics/STM32Cube_FW_F1_V1.8.0/Drivers/STM32F1xx_HAL_Driver/Src/stm32f1xx_hal.c.obj
                0x0000000008000e1c                HAL_IncTick
 .text.HAL_GetTick
                0x0000000008000e40       0x14 CMakeFiles/oled_display.elf.dir/media/mohamed/Robotics1/repos/embedded_for_robotics/STM32Cube_FW_F1_V1.8.0/Drivers/STM32F1xx_HAL_Driver/Src/stm32f1xx_hal.c.obj
                0x0000000008000e40                HAL_GetTick
 .text.HAL_Delay
                0x0000000008000e54       0x48 CMakeFiles/oled_display.elf.dir/media/mohamed/Robotics1/repos/embedded_for_robotics/STM32Cube_FW_F1_V1.8.0/Drivers/STM32F1xx_HAL_Driver/Src/stm32f1xx_hal.c.obj
                0x0000000008000e54                HAL_Delay
 .text.__NVIC_SetPriorityGrouping
                0x0000000008000e9c       0x48 CMakeFiles/oled_display.elf.dir/media/mohamed/Robotics1/repos/embedded_for_robotics/STM32Cube_FW_F1_V1.8.0/Drivers/STM32F1xx_HAL_Driver/Src/stm32f1xx_hal_cortex.c.obj
 .text.__NVIC_GetPriorityGrouping
                0x0000000008000ee4       0x1c CMakeFiles/oled_display.elf.dir/media/mohamed/Robotics1/repos/embedded_for_robotics/STM32Cube_FW_F1_V1.8.0/Drivers/STM32F1xx_HAL_Driver/Src/stm32f1xx_hal_cortex.c.obj
 .text.__NVIC_SetPriority
                0x0000000008000f00       0x54 CMakeFiles/oled_display.elf.dir/media/mohamed/Robotics1/repos/embedded_for_robotics/STM32Cube_FW_F1_V1.8.0/Drivers/STM32F1xx_HAL_Driver/Src/stm32f1xx_hal_cortex.c.obj
 .text.NVIC_EncodePriority
                0x0000000008000f54       0x64 CMakeFiles/oled_display.elf.dir/media/mohamed/Robotics1/repos/embedded_for_robotics/STM32Cube_FW_F1_V1.8.0/Drivers/STM32F1xx_HAL_Driver/Src/stm32f1xx_hal_cortex.c.obj
 .text.SysTick_Config
                0x0000000008000fb8       0x44 CMakeFiles/oled_display.elf.dir/media/mohamed/Robotics1/repos/embedded_for_robotics/STM32Cube_FW_F1_V1.8.0/Drivers/STM32F1xx_HAL_Driver/Src/stm32f1xx_hal_cortex.c.obj
 .text.HAL_NVIC_SetPriorityGrouping
                0x0000000008000ffc       0x16 CMakeFiles/oled_display.elf.dir/media/mohamed/Robotics1/repos/embedded_for_robotics/STM32Cube_FW_F1_V1.8.0/Drivers/STM32F1xx_HAL_Driver/Src/stm32f1xx_hal_cortex.c.obj
                0x0000000008000ffc                HAL_NVIC_SetPriorityGrouping
 .text.HAL_NVIC_SetPriority
                0x0000000008001012       0x38 CMakeFiles/oled_display.elf.dir/media/mohamed/Robotics1/repos/embedded_for_robotics/STM32Cube_FW_F1_V1.8.0/Drivers/STM32F1xx_HAL_Driver/Src/stm32f1xx_hal_cortex.c.obj
                0x0000000008001012                HAL_NVIC_SetPriority
 .text.HAL_SYSTICK_Config
                0x000000000800104a       0x18 CMakeFiles/oled_display.elf.dir/media/mohamed/Robotics1/repos/embedded_for_robotics/STM32Cube_FW_F1_V1.8.0/Drivers/STM32F1xx_HAL_Driver/Src/stm32f1xx_hal_cortex.c.obj
                0x000000000800104a                HAL_SYSTICK_Config
 *fill*         0x0000000008001062        0x2 
 .text.HAL_GPIO_Init
                0x0000000008001064      0x308 CMakeFiles/oled_display.elf.dir/media/mohamed/Robotics1/repos/embedded_for_robotics/STM32Cube_FW_F1_V1.8.0/Drivers/STM32F1xx_HAL_Driver/Src/stm32f1xx_hal_gpio.c.obj
                0x0000000008001064                HAL_GPIO_Init
 .text.HAL_I2C_Init
                0x000000000800136c      0x288 CMakeFiles/oled_display.elf.dir/media/mohamed/Robotics1/repos/embedded_for_robotics/STM32Cube_FW_F1_V1.8.0/Drivers/STM32F1xx_HAL_Driver/Src/stm32f1xx_hal_i2c.c.obj
                0x000000000800136c                HAL_I2C_Init
 .text.HAL_I2C_MspInit
                0x00000000080015f4       0x12 CMakeFiles/oled_display.elf.dir/media/mohamed/Robotics1/repos/embedded_for_robotics/STM32Cube_FW_F1_V1.8.0/Drivers/STM32F1xx_HAL_Driver/Src/stm32f1xx_hal_i2c.c.obj
                0x00000000080015f4                HAL_I2C_MspInit
 *fill*         0x0000000008001606        0x2 
 .text.HAL_I2C_Mem_Write
                0x0000000008001608      0x1f4 CMakeFiles/oled_display.elf.dir/media/mohamed/Robotics1/repos/embedded_for_robotics/STM32Cube_FW_F1_V1.8.0/Drivers/STM32F1xx_HAL_Driver/Src/stm32f1xx_hal_i2c.c.obj
                0x0000000008001608                HAL_I2C_Mem_Write
 .text.I2C_RequestMemoryWrite
                0x00000000080017fc      0x12c CMakeFiles/oled_display.elf.dir/media/mohamed/Robotics1/repos/embedded_for_robotics/STM32Cube_FW_F1_V1.8.0/Drivers/STM32F1xx_HAL_Driver/Src/stm32f1xx_hal_i2c.c.obj
 .text.I2C_WaitOnFlagUntilTimeout
                0x0000000008001928       0xf4 CMakeFiles/oled_display.elf.dir/media/mohamed/Robotics1/repos/embedded_for_robotics/STM32Cube_FW_F1_V1.8.0/Drivers/STM32F1xx_HAL_Driver/Src/stm32f1xx_hal_i2c.c.obj
 .text.I2C_WaitOnMasterAddressFlagUntilTimeout
                0x0000000008001a1c      0x140 CMakeFiles/oled_display.elf.dir/media/mohamed/Robotics1/repos/embedded_for_robotics/STM32Cube_FW_F1_V1.8.0/Drivers/STM32F1xx_HAL_Driver/Src/stm32f1xx_hal_i2c.c.obj
 .text.I2C_WaitOnTXEFlagUntilTimeout
                0x0000000008001b5c       0x90 CMakeFiles/oled_display.elf.dir/media/mohamed/Robotics1/repos/embedded_for_robotics/STM32Cube_FW_F1_V1.8.0/Drivers/STM32F1xx_HAL_Driver/Src/stm32f1xx_hal_i2c.c.obj
 .text.I2C_WaitOnBTFFlagUntilTimeout
                0x0000000008001bec       0x90 CMakeFiles/oled_display.elf.dir/media/mohamed/Robotics1/repos/embedded_for_robotics/STM32Cube_FW_F1_V1.8.0/Drivers/STM32F1xx_HAL_Driver/Src/stm32f1xx_hal_i2c.c.obj
 .text.I2C_IsAcknowledgeFailed
                0x0000000008001c7c       0x5c CMakeFiles/oled_display.elf.dir/media/mohamed/Robotics1/repos/embedded_for_robotics/STM32Cube_FW_F1_V1.8.0/Drivers/STM32F1xx_HAL_Driver/Src/stm32f1xx_hal_i2c.c.obj
 .text.HAL_RCC_OscConfig
                0x0000000008001cd8      0x504 CMakeFiles/oled_display.elf.dir/media/mohamed/Robotics1/repos/embedded_for_robotics/STM32Cube_FW_F1_V1.8.0/Drivers/STM32F1xx_HAL_Driver/Src/stm32f1xx_hal_rcc.c.obj
                0x0000000008001cd8                HAL_RCC_OscConfig
 .text.HAL_RCC_ClockConfig
                0x00000000080021dc      0x1d4 CMakeFiles/oled_display.elf.dir/media/mohamed/Robotics1/repos/embedded_for_robotics/STM32Cube_FW_F1_V1.8.0/Drivers/STM32F1xx_HAL_Driver/Src/stm32f1xx_hal_rcc.c.obj
                0x00000000080021dc                HAL_RCC_ClockConfig
 .text.HAL_RCC_GetSysClockFreq
                0x00000000080023b0       0xa8 CMakeFiles/oled_display.elf.dir/media/mohamed/Robotics1/repos/embedded_for_robotics/STM32Cube_FW_F1_V1.8.0/Drivers/STM32F1xx_HAL_Driver/Src/stm32f1xx_hal_rcc.c.obj
                0x00000000080023b0                HAL_RCC_GetSysClockFreq
 .text.HAL_RCC_GetHCLKFreq
                0x0000000008002458       0x14 CMakeFiles/oled_display.elf.dir/media/mohamed/Robotics1/repos/embedded_for_robotics/STM32Cube_FW_F1_V1.8.0/Drivers/STM32F1xx_HAL_Driver/Src/stm32f1xx_hal_rcc.c.obj
                0x0000000008002458                HAL_RCC_GetHCLKFreq
 .text.HAL_RCC_GetPCLK1Freq
                0x000000000800246c       0x28 CMakeFiles/oled_display.elf.dir/media/mohamed/Robotics1/repos/embedded_for_robotics/STM32Cube_FW_F1_V1.8.0/Drivers/STM32F1xx_HAL_Driver/Src/stm32f1xx_hal_rcc.c.obj
                0x000000000800246c                HAL_RCC_GetPCLK1Freq
 .text.RCC_Delay
                0x0000000008002494       0x3c CMakeFiles/oled_display.elf.dir/media/mohamed/Robotics1/repos/embedded_for_robotics/STM32Cube_FW_F1_V1.8.0/Drivers/STM32F1xx_HAL_Driver/Src/stm32f1xx_hal_rcc.c.obj
 *(.glue_7)
 .glue_7        0x00000000080024d0        0x0 linker stubs
 *(.glue_7t)
 .glue_7t       0x00000000080024d0        0x0 linker stubs
 *(.eh_frame)
 .eh_frame      0x00000000080024d0        0x0 /usr/lib/gcc/arm-none-eabi/10.3.1/thumb/v7-m/nofp/crtbegin.o
 *(.init)
 .init          0x00000000080024d0        0x4 /usr/lib/gcc/arm-none-eabi/10.3.1/thumb/v7-m/nofp/crti.o
                0x00000000080024d0                _init
 .init          0x00000000080024d4        0x8 /usr/lib/gcc/arm-none-eabi/10.3.1/thumb/v7-m/nofp/crtn.o
 *(.fini)
 .fini          0x00000000080024dc        0x4 /usr/lib/gcc/arm-none-eabi/10.3.1/thumb/v7-m/nofp/crti.o
                0x00000000080024dc                _fini
 .fini          0x00000000080024e0        0x8 /usr/lib/gcc/arm-none-eabi/10.3.1/thumb/v7-m/nofp/crtn.o
                0x00000000080024e8                . = ALIGN (0x4)
                0x00000000080024e8                _etext = .

.vfp11_veneer   0x00000000080024e8        0x0
 .vfp11_veneer  0x00000000080024e8        0x0 linker stubs

.v4_bx          0x00000000080024e8        0x0
 .v4_bx         0x00000000080024e8        0x0 linker stubs

.iplt           0x00000000080024e8        0x0
 .iplt          0x00000000080024e8        0x0 /usr/lib/gcc/arm-none-eabi/10.3.1/thumb/v7-m/nofp/crtbegin.o

.rodata         0x00000000080024e8      0x244
                0x00000000080024e8                . = ALIGN (0x4)
 *(.rodata)
 .rodata        0x00000000080024e8       0x3b CMakeFiles/oled_display.elf.dir/src/main.cpp.obj
 *(.rodata*)
 *fill*         0x0000000008002523        0x1 
 .rodata.AHBPrescTable
                0x0000000008002524       0x10 CMakeFiles/oled_display.elf.dir/src/system_stm32f1xx.c.obj
                0x0000000008002524                AHBPrescTable
 .rodata.APBPrescTable
                0x0000000008002534        0x8 CMakeFiles/oled_display.elf.dir/src/system_stm32f1xx.c.obj
                0x0000000008002534                APBPrescTable
 .rodata._ZL7font5x7
                0x000000000800253c      0x1db CMakeFiles/oled_display.elf.dir/src/fonts.cpp.obj
 *fill*         0x0000000008002717        0x1 
 .rodata.aPLLMULFactorTable.1
                0x0000000008002718       0x10 CMakeFiles/oled_display.elf.dir/media/mohamed/Robotics1/repos/embedded_for_robotics/STM32Cube_FW_F1_V1.8.0/Drivers/STM32F1xx_HAL_Driver/Src/stm32f1xx_hal_rcc.c.obj
 .rodata.aPredivFactorTable.0
                0x0000000008002728        0x2 CMakeFiles/oled_display.elf.dir/media/mohamed/Robotics1/repos/embedded_for_robotics/STM32Cube_FW_F1_V1.8.0/Drivers/STM32F1xx_HAL_Driver/Src/stm32f1xx_hal_rcc.c.obj
                0x000000000800272c                . = ALIGN (0x4)
 *fill*         0x000000000800272a        0x2 

.rel.dyn        0x000000000800272c        0x0
 .rel.iplt      0x000000000800272c        0x0 /usr/lib/gcc/arm-none-eabi/10.3.1/thumb/v7-m/nofp/crtbegin.o

.ARM.extab
 *(.ARM.extab* .gnu.linkonce.armextab.*)

.ARM            0x000000000800272c        0x0
                0x000000000800272c                __exidx_start = .
 *(.ARM.exidx*)
                0x000000000800272c                __exidx_end = .

.preinit_array  0x000000000800272c        0x0
                0x000000000800272c                PROVIDE (__preinit_array_start = .)
 *(.preinit_array*)
                0x000000000800272c                PROVIDE (__preinit_array_end = .)

.init_array     0x000000000800272c        0x4
                0x000000000800272c                PROVIDE (__init_array_start = .)
 *(SORT_BY_NAME(.init_array.*))
 *(.init_array*)
 .init_array    0x000000000800272c        0x4 /usr/lib/gcc/arm-none-eabi/10.3.1/thumb/v7-m/nofp/crtbegin.o
                0x0000000008002730                PROVIDE (__init_array_end = .)

.fini_array     0x0000000008002730        0x4
                0x0000000008002730                PROVIDE (__fini_array_start = .)
 *(SORT_BY_NAME(.fini_array.*))
 *(.fini_array*)
 .fini_array    0x0000000008002730        0x4 /usr/lib/gcc/arm-none-eabi/10.3.1/thumb/v7-m/nofp/crtbegin.o
                0x0000000008002734                PROVIDE (__fini_array_end = .)
                0x0000000008002734                _sidata = LOADADDR (.data)

.data           0x0000000020000000        0xc load address 0x0000000008002734
                0x0000000020000000                . = ALIGN (0x4)
                0x0000000020000000                _sdata = .
 *(.data)
 *(.data*)
 .data.SystemCoreClock
                0x0000000020000000        0x4 CMakeFiles/oled_display.elf.dir/src/system_stm32f1xx.c.obj
                0x0000000020000000                SystemCoreClock
 .data.uwTickPrio
                0x0000000020000004        0x4 CMakeFiles/oled_display.elf.dir/media/mohamed/Robotics1/repos/embedded_for_robotics/STM32Cube_FW_F1_V1.8.0/Drivers/STM32F1xx_HAL_Driver/Src/stm32f1xx_hal.c.obj
                0x0000000020000004                uwTickPrio
 .data.uwTickFreq
                0x0000000020000008        0x1 CMakeFiles/oled_display.elf.dir/media/mohamed/Robotics1/repos/embedded_for_robotics/STM32Cube_FW_F1_V1.8.0/Drivers/STM32F1xx_HAL_Driver/Src/stm32f1xx_hal.c.obj
                0x0000000020000008                uwTickFreq
                0x000000002000000c                . = ALIGN (0x4)
 *fill*         0x0000000020000009        0x3 
                0x000000002000000c                _edata = .

.tm_clone_table
                0x000000002000000c        0x0 load address 0x0000000008002740
 .tm_clone_table
                0x000000002000000c        0x0 /usr/lib/gcc/arm-none-eabi/10.3.1/thumb/v7-m/nofp/crtbegin.o
 .tm_clone_table
                0x000000002000000c        0x0 /usr/lib/gcc/arm-none-eabi/10.3.1/thumb/v7-m/nofp/crtend.o

.igot.plt       0x000000002000000c        0x0 load address 0x0000000008002740
 .igot.plt      0x000000002000000c        0x0 /usr/lib/gcc/arm-none-eabi/10.3.1/thumb/v7-m/nofp/crtbegin.o
                0x000000002000000c                . = ALIGN (0x4)

.bss            0x000000002000000c       0x30 load address 0x0000000008002740
                0x000000002000000c                _sbss = .
                0x000000002000000c                __bss_start__ = _sbss
 *(.bss)
 .bss           0x000000002000000c       0x1c /usr/lib/gcc/arm-none-eabi/10.3.1/thumb/v7-m/nofp/crtbegin.o
 *(.bss*)
 .bss._ZZ4mainE8inverted
                0x0000000020000028        0x1 CMakeFiles/oled_display.elf.dir/src/main.cpp.obj
 *fill*         0x0000000020000029        0x3 
 .bss._ZZ4mainE8lastTick
                0x000000002000002c        0x4 CMakeFiles/oled_display.elf.dir/src/main.cpp.obj
 .bss.encoder_count
                0x0000000020000030        0x4 CMakeFiles/oled_display.elf.dir/src/encoder.c.obj
 .bss.last_A    0x0000000020000034        0x1 CMakeFiles/oled_display.elf.dir/src/encoder.c.obj
 .bss.last_B    0x0000000020000035        0x1 CMakeFiles/oled_display.elf.dir/src/encoder.c.obj
 *fill*         0x0000000020000036        0x2 
 .bss.uwTick    0x0000000020000038        0x4 CMakeFiles/oled_display.elf.dir/media/mohamed/Robotics1/repos/embedded_for_robotics/STM32Cube_FW_F1_V1.8.0/Drivers/STM32F1xx_HAL_Driver/Src/stm32f1xx_hal.c.obj
                0x0000000020000038                uwTick
 *(COMMON)
                0x000000002000003c                . = ALIGN (0x4)
                0x000000002000003c                _ebss = .
                0x000000002000003c                __bss_end__ = _ebss

._user_heap_stack
                0x000000002000003c      0x604 load address 0x0000000008002740
                0x0000000020000040                . = ALIGN (0x8)
 *fill*         0x000000002000003c        0x4 
                [!provide]                        PROVIDE (end = .)
                [!provide]                        PROVIDE (_end = .)
                0x0000000020000240                . = (. + _Min_Heap_Size)
 *fill*         0x0000000020000040      0x200 
                0x0000000020000640                . = (. + _Min_Stack_Size)
 *fill*         0x0000000020000240      0x400 
                0x0000000020000640                . = ALIGN (0x8)

/DISCARD/
 libc.a(*)
 libm.a(*)
 libgcc.a(*)

.ARM.attributes
                0x0000000000000000       0x29
 *(.ARM.attributes)
 .ARM.attributes
                0x0000000000000000       0x1d /usr/lib/gcc/arm-none-eabi/10.3.1/thumb/v7-m/nofp/crti.o
 .ARM.attributes
                0x000000000000001d       0x2d /usr/lib/gcc/arm-none-eabi/10.3.1/thumb/v7-m/nofp/crtbegin.o
 .ARM.attributes
                0x000000000000004a       0x2d CMakeFiles/oled_display.elf.dir/src/main.cpp.obj
 .ARM.attributes
                0x0000000000000077       0x2d CMakeFiles/oled_display.elf.dir/src/stm32f1xx_it.c.obj
 .ARM.attributes
                0x00000000000000a4       0x2d CMakeFiles/oled_display.elf.dir/src/stm32f1xx_hal_msp.c.obj
 .ARM.attributes
                0x00000000000000d1       0x2d CMakeFiles/oled_display.elf.dir/src/system_stm32f1xx.c.obj
 .ARM.attributes
                0x00000000000000fe       0x2d CMakeFiles/oled_display.elf.dir/src/i2c.cpp.obj
 .ARM.attributes
                0x000000000000012b       0x2d CMakeFiles/oled_display.elf.dir/src/ssd1306.cpp.obj
 .ARM.attributes
                0x0000000000000158       0x2d CMakeFiles/oled_display.elf.dir/src/fonts.cpp.obj
 .ARM.attributes
                0x0000000000000185       0x2d CMakeFiles/oled_display.elf.dir/src/encoder.c.obj
 .ARM.attributes
                0x00000000000001b2       0x21 CMakeFiles/oled_display.elf.dir/startup/startup_stm32f103xb.s.obj
 .ARM.attributes
                0x00000000000001d3       0x2d CMakeFiles/oled_display.elf.dir/media/mohamed/Robotics1/repos/embedded_for_robotics/STM32Cube_FW_F1_V1.8.0/Drivers/STM32F1xx_HAL_Driver/Src/stm32f1xx_hal.c.obj
 .ARM.attributes
                0x0000000000000200       0x2d CMakeFiles/oled_display.elf.dir/media/mohamed/Robotics1/repos/embedded_for_robotics/STM32Cube_FW_F1_V1.8.0/Drivers/STM32F1xx_HAL_Driver/Src/stm32f1xx_hal_cortex.c.obj
 .ARM.attributes
                0x000000000000022d       0x2d CMakeFiles/oled_display.elf.dir/media/mohamed/Robotics1/repos/embedded_for_robotics/STM32Cube_FW_F1_V1.8.0/Drivers/STM32F1xx_HAL_Driver/Src/stm32f1xx_hal_gpio.c.obj
 .ARM.attributes
                0x000000000000025a       0x2d CMakeFiles/oled_display.elf.dir/media/mohamed/Robotics1/repos/embedded_for_robotics/STM32Cube_FW_F1_V1.8.0/Drivers/STM32F1xx_HAL_Driver/Src/stm32f1xx_hal_i2c.c.obj
 .ARM.attributes
                0x0000000000000287       0x2d CMakeFiles/oled_display.elf.dir/media/mohamed/Robotics1/repos/embedded_for_robotics/STM32Cube_FW_F1_V1.8.0/Drivers/STM32F1xx_HAL_Driver/Src/stm32f1xx_hal_rcc.c.obj
 .ARM.attributes
                0x00000000000002b4       0x2d /usr/lib/gcc/arm-none-eabi/10.3.1/../../../arm-none-eabi/lib/thumb/v7-m/nofp/libg_nano.a(lib_a-init.o)
 .ARM.attributes
                0x00000000000002e1       0x2d /usr/lib/gcc/arm-none-eabi/10.3.1/../../../arm-none-eabi/lib/thumb/v7-m/nofp/libg_nano.a(lib_a-memset.o)
 .ARM.attributes
                0x000000000000030e       0x2d /usr/lib/gcc/arm-none-eabi/10.3.1/thumb/v7-m/nofp/crtend.o
 .ARM.attributes
                0x000000000000033b       0x1d /usr/lib/gcc/arm-none-eabi/10.3.1/thumb/v7-m/nofp/crtn.o
OUTPUT(oled_display.elf elf32-littlearm)
LOAD linker stubs
LOAD /usr/lib/gcc/arm-none-eabi/10.3.1/../../../arm-none-eabi/lib/thumb/v7-m/nofp/libc.a
LOAD /usr/lib/gcc/arm-none-eabi/10.3.1/../../../arm-none-eabi/lib/thumb/v7-m/nofp/libm.a
LOAD /usr/lib/gcc/arm-none-eabi/10.3.1/thumb/v7-m/nofp/libgcc.a

.comment        0x0000000000000000       0x33
 .comment       0x0000000000000000       0x33 /usr/lib/gcc/arm-none-eabi/10.3.1/thumb/v7-m/nofp/crtbegin.o
                                         0x34 (size before relaxing)
 .comment       0x0000000000000033       0x34 CMakeFiles/oled_display.elf.dir/src/main.cpp.obj
 .comment       0x0000000000000033       0x34 CMakeFiles/oled_display.elf.dir/src/stm32f1xx_it.c.obj
 .comment       0x0000000000000033       0x34 CMakeFiles/oled_display.elf.dir/src/stm32f1xx_hal_msp.c.obj
 .comment       0x0000000000000033       0x34 CMakeFiles/oled_display.elf.dir/src/system_stm32f1xx.c.obj
 .comment       0x0000000000000033       0x34 CMakeFiles/oled_display.elf.dir/src/i2c.cpp.obj
 .comment       0x0000000000000033       0x34 CMakeFiles/oled_display.elf.dir/src/ssd1306.cpp.obj
 .comment       0x0000000000000033       0x34 CMakeFiles/oled_display.elf.dir/src/fonts.cpp.obj
 .comment       0x0000000000000033       0x34 CMakeFiles/oled_display.elf.dir/src/encoder.c.obj
 .comment       0x0000000000000033       0x34 CMakeFiles/oled_display.elf.dir/media/mohamed/Robotics1/repos/embedded_for_robotics/STM32Cube_FW_F1_V1.8.0/Drivers/STM32F1xx_HAL_Driver/Src/stm32f1xx_hal.c.obj
 .comment       0x0000000000000033       0x34 CMakeFiles/oled_display.elf.dir/media/mohamed/Robotics1/repos/embedded_for_robotics/STM32Cube_FW_F1_V1.8.0/Drivers/STM32F1xx_HAL_Driver/Src/stm32f1xx_hal_cortex.c.obj
 .comment       0x0000000000000033       0x34 CMakeFiles/oled_display.elf.dir/media/mohamed/Robotics1/repos/embedded_for_robotics/STM32Cube_FW_F1_V1.8.0/Drivers/STM32F1xx_HAL_Driver/Src/stm32f1xx_hal_gpio.c.obj
 .comment       0x0000000000000033       0x34 CMakeFiles/oled_display.elf.dir/media/mohamed/Robotics1/repos/embedded_for_robotics/STM32Cube_FW_F1_V1.8.0/Drivers/STM32F1xx_HAL_Driver/Src/stm32f1xx_hal_i2c.c.obj
 .comment       0x0000000000000033       0x34 CMakeFiles/oled_display.elf.dir/media/mohamed/Robotics1/repos/embedded_for_robotics/STM32Cube_FW_F1_V1.8.0/Drivers/STM32F1xx_HAL_Driver/Src/stm32f1xx_hal_rcc.c.obj
 .comment       0x0000000000000033       0x34 /usr/lib/gcc/arm-none-eabi/10.3.1/../../../arm-none-eabi/lib/thumb/v7-m/nofp/libg_nano.a(lib_a-init.o)
 .comment       0x0000000000000033       0x34 /usr/lib/gcc/arm-none-eabi/10.3.1/../../../arm-none-eabi/lib/thumb/v7-m/nofp/libg_nano.a(lib_a-memset.o)
 .comment       0x0000000000000033       0x34 /usr/lib/gcc/arm-none-eabi/10.3.1/thumb/v7-m/nofp/crtend.o

.debug_info     0x0000000000000000     0x8920
 .debug_info    0x0000000000000000      0xdf4 CMakeFiles/oled_display.elf.dir/src/main.cpp.obj
 .debug_info    0x0000000000000df4      0x119 CMakeFiles/oled_display.elf.dir/src/stm32f1xx_it.c.obj
 .debug_info    0x0000000000000f0d      0x216 CMakeFiles/oled_display.elf.dir/src/stm32f1xx_hal_msp.c.obj
 .debug_info    0x0000000000001123      0x225 CMakeFiles/oled_display.elf.dir/src/system_stm32f1xx.c.obj
 .debug_info    0x0000000000001348      0xd32 CMakeFiles/oled_display.elf.dir/src/i2c.cpp.obj
 .debug_info    0x000000000000207a     0x16f2 CMakeFiles/oled_display.elf.dir/src/ssd1306.cpp.obj
 .debug_info    0x000000000000376c      0x349 CMakeFiles/oled_display.elf.dir/src/fonts.cpp.obj
 .debug_info    0x0000000000003ab5      0x54f CMakeFiles/oled_display.elf.dir/src/encoder.c.obj
 .debug_info    0x0000000000004004       0x22 CMakeFiles/oled_display.elf.dir/startup/startup_stm32f103xb.s.obj
 .debug_info    0x0000000000004026      0x6d5 CMakeFiles/oled_display.elf.dir/media/mohamed/Robotics1/repos/embedded_for_robotics/STM32Cube_FW_F1_V1.8.0/Drivers/STM32F1xx_HAL_Driver/Src/stm32f1xx_hal.c.obj
 .debug_info    0x00000000000046fb      0xafc CMakeFiles/oled_display.elf.dir/media/mohamed/Robotics1/repos/embedded_for_robotics/STM32Cube_FW_F1_V1.8.0/Drivers/STM32F1xx_HAL_Driver/Src/stm32f1xx_hal_cortex.c.obj
 .debug_info    0x00000000000051f7      0x5fd CMakeFiles/oled_display.elf.dir/media/mohamed/Robotics1/repos/embedded_for_robotics/STM32Cube_FW_F1_V1.8.0/Drivers/STM32F1xx_HAL_Driver/Src/stm32f1xx_hal_gpio.c.obj
 .debug_info    0x00000000000057f4     0x26e1 CMakeFiles/oled_display.elf.dir/media/mohamed/Robotics1/repos/embedded_for_robotics/STM32Cube_FW_F1_V1.8.0/Drivers/STM32F1xx_HAL_Driver/Src/stm32f1xx_hal_i2c.c.obj
 .debug_info    0x0000000000007ed5      0x7fa CMakeFiles/oled_display.elf.dir/media/mohamed/Robotics1/repos/embedded_for_robotics/STM32Cube_FW_F1_V1.8.0/Drivers/STM32F1xx_HAL_Driver/Src/stm32f1xx_hal_rcc.c.obj
 .debug_info    0x00000000000086cf      0x11a /usr/lib/gcc/arm-none-eabi/10.3.1/../../../arm-none-eabi/lib/thumb/v7-m/nofp/libg_nano.a(lib_a-init.o)
 .debug_info    0x00000000000087e9      0x137 /usr/lib/gcc/arm-none-eabi/10.3.1/../../../arm-none-eabi/lib/thumb/v7-m/nofp/libg_nano.a(lib_a-memset.o)

.debug_abbrev   0x0000000000000000     0x1b29
 .debug_abbrev  0x0000000000000000      0x2eb CMakeFiles/oled_display.elf.dir/src/main.cpp.obj
 .debug_abbrev  0x00000000000002eb       0x61 CMakeFiles/oled_display.elf.dir/src/stm32f1xx_it.c.obj
 .debug_abbrev  0x000000000000034c       0xee CMakeFiles/oled_display.elf.dir/src/stm32f1xx_hal_msp.c.obj
 .debug_abbrev  0x000000000000043a      0x13b CMakeFiles/oled_display.elf.dir/src/system_stm32f1xx.c.obj
 .debug_abbrev  0x0000000000000575      0x2a9 CMakeFiles/oled_display.elf.dir/src/i2c.cpp.obj
 .debug_abbrev  0x000000000000081e      0x3c5 CMakeFiles/oled_display.elf.dir/src/ssd1306.cpp.obj
 .debug_abbrev  0x0000000000000be3       0xe4 CMakeFiles/oled_display.elf.dir/src/fonts.cpp.obj
 .debug_abbrev  0x0000000000000cc7      0x1a4 CMakeFiles/oled_display.elf.dir/src/encoder.c.obj
 .debug_abbrev  0x0000000000000e6b       0x12 CMakeFiles/oled_display.elf.dir/startup/startup_stm32f103xb.s.obj
 .debug_abbrev  0x0000000000000e7d      0x1c8 CMakeFiles/oled_display.elf.dir/media/mohamed/Robotics1/repos/embedded_for_robotics/STM32Cube_FW_F1_V1.8.0/Drivers/STM32F1xx_HAL_Driver/Src/stm32f1xx_hal.c.obj
 .debug_abbrev  0x0000000000001045      0x2ed CMakeFiles/oled_display.elf.dir/media/mohamed/Robotics1/repos/embedded_for_robotics/STM32Cube_FW_F1_V1.8.0/Drivers/STM32F1xx_HAL_Driver/Src/stm32f1xx_hal_cortex.c.obj
 .debug_abbrev  0x0000000000001332      0x1bb CMakeFiles/oled_display.elf.dir/media/mohamed/Robotics1/repos/embedded_for_robotics/STM32Cube_FW_F1_V1.8.0/Drivers/STM32F1xx_HAL_Driver/Src/stm32f1xx_hal_gpio.c.obj
 .debug_abbrev  0x00000000000014ed      0x25c CMakeFiles/oled_display.elf.dir/media/mohamed/Robotics1/repos/embedded_for_robotics/STM32Cube_FW_F1_V1.8.0/Drivers/STM32F1xx_HAL_Driver/Src/stm32f1xx_hal_i2c.c.obj
 .debug_abbrev  0x0000000000001749      0x260 CMakeFiles/oled_display.elf.dir/media/mohamed/Robotics1/repos/embedded_for_robotics/STM32Cube_FW_F1_V1.8.0/Drivers/STM32F1xx_HAL_Driver/Src/stm32f1xx_hal_rcc.c.obj
 .debug_abbrev  0x00000000000019a9       0xcc /usr/lib/gcc/arm-none-eabi/10.3.1/../../../arm-none-eabi/lib/thumb/v7-m/nofp/libg_nano.a(lib_a-init.o)
 .debug_abbrev  0x0000000000001a75       0xb4 /usr/lib/gcc/arm-none-eabi/10.3.1/../../../arm-none-eabi/lib/thumb/v7-m/nofp/libg_nano.a(lib_a-memset.o)

.debug_aranges  0x0000000000000000      0x820
 .debug_aranges
                0x0000000000000000       0x30 CMakeFiles/oled_display.elf.dir/src/main.cpp.obj
 .debug_aranges
                0x0000000000000030       0x60 CMakeFiles/oled_display.elf.dir/src/stm32f1xx_it.c.obj
 .debug_aranges
                0x0000000000000090       0x28 CMakeFiles/oled_display.elf.dir/src/stm32f1xx_hal_msp.c.obj
 .debug_aranges
                0x00000000000000b8       0x28 CMakeFiles/oled_display.elf.dir/src/system_stm32f1xx.c.obj
 .debug_aranges
                0x00000000000000e0       0x50 CMakeFiles/oled_display.elf.dir/src/i2c.cpp.obj
 .debug_aranges
                0x0000000000000130       0x88 CMakeFiles/oled_display.elf.dir/src/ssd1306.cpp.obj
 .debug_aranges
                0x00000000000001b8       0x20 CMakeFiles/oled_display.elf.dir/src/fonts.cpp.obj
 .debug_aranges
                0x00000000000001d8       0x70 CMakeFiles/oled_display.elf.dir/src/encoder.c.obj
 .debug_aranges
                0x0000000000000248       0x28 CMakeFiles/oled_display.elf.dir/startup/startup_stm32f103xb.s.obj
 .debug_aranges
                0x0000000000000270       0xe0 CMakeFiles/oled_display.elf.dir/media/mohamed/Robotics1/repos/embedded_for_robotics/STM32Cube_FW_F1_V1.8.0/Drivers/STM32F1xx_HAL_Driver/Src/stm32f1xx_hal.c.obj
 .debug_aranges
                0x0000000000000350      0x100 CMakeFiles/oled_display.elf.dir/media/mohamed/Robotics1/repos/embedded_for_robotics/STM32Cube_FW_F1_V1.8.0/Drivers/STM32F1xx_HAL_Driver/Src/stm32f1xx_hal_cortex.c.obj
 .debug_aranges
                0x0000000000000450       0x58 CMakeFiles/oled_display.elf.dir/media/mohamed/Robotics1/repos/embedded_for_robotics/STM32Cube_FW_F1_V1.8.0/Drivers/STM32F1xx_HAL_Driver/Src/stm32f1xx_hal_gpio.c.obj
 .debug_aranges
                0x00000000000004a8      0x2a8 CMakeFiles/oled_display.elf.dir/media/mohamed/Robotics1/repos/embedded_for_robotics/STM32Cube_FW_F1_V1.8.0/Drivers/STM32F1xx_HAL_Driver/Src/stm32f1xx_hal_i2c.c.obj
 .debug_aranges
                0x0000000000000750       0x90 CMakeFiles/oled_display.elf.dir/media/mohamed/Robotics1/repos/embedded_for_robotics/STM32Cube_FW_F1_V1.8.0/Drivers/STM32F1xx_HAL_Driver/Src/stm32f1xx_hal_rcc.c.obj
 .debug_aranges
                0x00000000000007e0       0x20 /usr/lib/gcc/arm-none-eabi/10.3.1/../../../arm-none-eabi/lib/thumb/v7-m/nofp/libg_nano.a(lib_a-init.o)
 .debug_aranges
                0x0000000000000800       0x20 /usr/lib/gcc/arm-none-eabi/10.3.1/../../../arm-none-eabi/lib/thumb/v7-m/nofp/libg_nano.a(lib_a-memset.o)

.debug_ranges   0x0000000000000000      0x738
 .debug_ranges  0x0000000000000000       0x20 CMakeFiles/oled_display.elf.dir/src/main.cpp.obj
 .debug_ranges  0x0000000000000020       0x50 CMakeFiles/oled_display.elf.dir/src/stm32f1xx_it.c.obj
 .debug_ranges  0x0000000000000070       0x18 CMakeFiles/oled_display.elf.dir/src/stm32f1xx_hal_msp.c.obj
 .debug_ranges  0x0000000000000088       0x18 CMakeFiles/oled_display.elf.dir/src/system_stm32f1xx.c.obj
 .debug_ranges  0x00000000000000a0       0x40 CMakeFiles/oled_display.elf.dir/src/i2c.cpp.obj
 .debug_ranges  0x00000000000000e0       0x90 CMakeFiles/oled_display.elf.dir/src/ssd1306.cpp.obj
 .debug_ranges  0x0000000000000170       0x10 CMakeFiles/oled_display.elf.dir/src/fonts.cpp.obj
 .debug_ranges  0x0000000000000180       0x60 CMakeFiles/oled_display.elf.dir/src/encoder.c.obj
 .debug_ranges  0x00000000000001e0       0x20 CMakeFiles/oled_display.elf.dir/startup/startup_stm32f103xb.s.obj
 .debug_ranges  0x0000000000000200       0xd0 CMakeFiles/oled_display.elf.dir/media/mohamed/Robotics1/repos/embedded_for_robotics/STM32Cube_FW_F1_V1.8.0/Drivers/STM32F1xx_HAL_Driver/Src/stm32f1xx_hal.c.obj
 .debug_ranges  0x00000000000002d0       0xf0 CMakeFiles/oled_display.elf.dir/media/mohamed/Robotics1/repos/embedded_for_robotics/STM32Cube_FW_F1_V1.8.0/Drivers/STM32F1xx_HAL_Driver/Src/stm32f1xx_hal_cortex.c.obj
 .debug_ranges  0x00000000000003c0       0x48 CMakeFiles/oled_display.elf.dir/media/mohamed/Robotics1/repos/embedded_for_robotics/STM32Cube_FW_F1_V1.8.0/Drivers/STM32F1xx_HAL_Driver/Src/stm32f1xx_hal_gpio.c.obj
 .debug_ranges  0x0000000000000408      0x2b0 CMakeFiles/oled_display.elf.dir/media/mohamed/Robotics1/repos/embedded_for_robotics/STM32Cube_FW_F1_V1.8.0/Drivers/STM32F1xx_HAL_Driver/Src/stm32f1xx_hal_i2c.c.obj
 .debug_ranges  0x00000000000006b8       0x80 CMakeFiles/oled_display.elf.dir/media/mohamed/Robotics1/repos/embedded_for_robotics/STM32Cube_FW_F1_V1.8.0/Drivers/STM32F1xx_HAL_Driver/Src/stm32f1xx_hal_rcc.c.obj

.debug_macro    0x0000000000000000    0x1895a
 .debug_macro   0x0000000000000000      0x19f CMakeFiles/oled_display.elf.dir/src/main.cpp.obj
 .debug_macro   0x000000000000019f      0xbb6 CMakeFiles/oled_display.elf.dir/src/main.cpp.obj
 .debug_macro   0x0000000000000d55       0x70 CMakeFiles/oled_display.elf.dir/src/main.cpp.obj
 .debug_macro   0x0000000000000dc5       0x2e CMakeFiles/oled_display.elf.dir/src/main.cpp.obj
 .debug_macro   0x0000000000000df3       0x22 CMakeFiles/oled_display.elf.dir/src/main.cpp.obj
 .debug_macro   0x0000000000000e15      0x34e CMakeFiles/oled_display.elf.dir/src/main.cpp.obj
 .debug_macro   0x0000000000001163       0x1c CMakeFiles/oled_display.elf.dir/src/main.cpp.obj
 .debug_macro   0x000000000000117f       0x22 CMakeFiles/oled_display.elf.dir/src/main.cpp.obj
 .debug_macro   0x00000000000011a1       0xeb CMakeFiles/oled_display.elf.dir/src/main.cpp.obj
 .debug_macro   0x000000000000128c      0xd5c CMakeFiles/oled_display.elf.dir/src/main.cpp.obj
 .debug_macro   0x0000000000001fe8     0xe09e CMakeFiles/oled_display.elf.dir/src/main.cpp.obj
 .debug_macro   0x0000000000010086       0x6d CMakeFiles/oled_display.elf.dir/src/main.cpp.obj
 .debug_macro   0x00000000000100f3     0x34a2 CMakeFiles/oled_display.elf.dir/src/main.cpp.obj
 .debug_macro   0x0000000000013595      0x17b CMakeFiles/oled_display.elf.dir/src/main.cpp.obj
 .debug_macro   0x0000000000013710       0x5c CMakeFiles/oled_display.elf.dir/src/main.cpp.obj
 .debug_macro   0x000000000001376c      0x5bc CMakeFiles/oled_display.elf.dir/src/main.cpp.obj
 .debug_macro   0x0000000000013d28      0x289 CMakeFiles/oled_display.elf.dir/src/main.cpp.obj
 .debug_macro   0x0000000000013fb1      0x1cb CMakeFiles/oled_display.elf.dir/src/main.cpp.obj
 .debug_macro   0x000000000001417c      0x114 CMakeFiles/oled_display.elf.dir/src/main.cpp.obj
 .debug_macro   0x0000000000014290      0x1b2 CMakeFiles/oled_display.elf.dir/src/main.cpp.obj
 .debug_macro   0x0000000000014442       0x27 CMakeFiles/oled_display.elf.dir/src/main.cpp.obj
 .debug_macro   0x0000000000014469      0x1bc CMakeFiles/oled_display.elf.dir/src/main.cpp.obj
 .debug_macro   0x0000000000014625       0x34 CMakeFiles/oled_display.elf.dir/src/main.cpp.obj
 .debug_macro   0x0000000000014659       0x3c CMakeFiles/oled_display.elf.dir/src/main.cpp.obj
 .debug_macro   0x0000000000014695       0x57 CMakeFiles/oled_display.elf.dir/src/main.cpp.obj
 .debug_macro   0x00000000000146ec       0x87 CMakeFiles/oled_display.elf.dir/src/main.cpp.obj
 .debug_macro   0x0000000000014773      0x240 CMakeFiles/oled_display.elf.dir/src/main.cpp.obj
 .debug_macro   0x00000000000149b3      0x140 CMakeFiles/oled_display.elf.dir/src/main.cpp.obj
 .debug_macro   0x0000000000014af3      0x287 CMakeFiles/oled_display.elf.dir/src/main.cpp.obj
 .debug_macro   0x0000000000014d7a       0x83 CMakeFiles/oled_display.elf.dir/src/main.cpp.obj
 .debug_macro   0x0000000000014dfd       0x1c CMakeFiles/oled_display.elf.dir/src/main.cpp.obj
 .debug_macro   0x0000000000014e19      0x18a CMakeFiles/oled_display.elf.dir/src/main.cpp.obj
 .debug_macro   0x0000000000014fa3       0x10 CMakeFiles/oled_display.elf.dir/src/main.cpp.obj
 .debug_macro   0x0000000000014fb3       0xac CMakeFiles/oled_display.elf.dir/src/main.cpp.obj
 .debug_macro   0x000000000001505f       0xf7 CMakeFiles/oled_display.elf.dir/src/main.cpp.obj
 .debug_macro   0x0000000000015156      0x34c CMakeFiles/oled_display.elf.dir/src/main.cpp.obj
 .debug_macro   0x00000000000154a2       0xa0 CMakeFiles/oled_display.elf.dir/src/main.cpp.obj
 .debug_macro   0x0000000000015542      0x14c CMakeFiles/oled_display.elf.dir/src/stm32f1xx_it.c.obj
 .debug_macro   0x000000000001568e      0xa6c CMakeFiles/oled_display.elf.dir/src/stm32f1xx_it.c.obj
 .debug_macro   0x00000000000160fa      0xd5c CMakeFiles/oled_display.elf.dir/src/stm32f1xx_it.c.obj
 .debug_macro   0x0000000000016e56      0x174 CMakeFiles/oled_display.elf.dir/src/stm32f1xx_it.c.obj
 .debug_macro   0x0000000000016fca      0x142 CMakeFiles/oled_display.elf.dir/src/stm32f1xx_hal_msp.c.obj
 .debug_macro   0x000000000001710c      0x133 CMakeFiles/oled_display.elf.dir/src/system_stm32f1xx.c.obj
 .debug_macro   0x000000000001723f      0x18e CMakeFiles/oled_display.elf.dir/src/i2c.cpp.obj
 .debug_macro   0x00000000000173cd      0x2e2 CMakeFiles/oled_display.elf.dir/src/ssd1306.cpp.obj
 .debug_macro   0x00000000000176af       0x16 CMakeFiles/oled_display.elf.dir/src/ssd1306.cpp.obj
 .debug_macro   0x00000000000176c5       0x22 CMakeFiles/oled_display.elf.dir/src/ssd1306.cpp.obj
 .debug_macro   0x00000000000176e7       0x52 CMakeFiles/oled_display.elf.dir/src/ssd1306.cpp.obj
 .debug_macro   0x0000000000017739       0x18 CMakeFiles/oled_display.elf.dir/src/ssd1306.cpp.obj
 .debug_macro   0x0000000000017751       0x94 CMakeFiles/oled_display.elf.dir/src/ssd1306.cpp.obj
 .debug_macro   0x00000000000177e5       0x35 CMakeFiles/oled_display.elf.dir/src/ssd1306.cpp.obj
 .debug_macro   0x000000000001781a       0x34 CMakeFiles/oled_display.elf.dir/src/ssd1306.cpp.obj
 .debug_macro   0x000000000001784e       0x16 CMakeFiles/oled_display.elf.dir/src/ssd1306.cpp.obj
 .debug_macro   0x0000000000017864       0x43 CMakeFiles/oled_display.elf.dir/src/ssd1306.cpp.obj
 .debug_macro   0x00000000000178a7       0x57 CMakeFiles/oled_display.elf.dir/src/ssd1306.cpp.obj
 .debug_macro   0x00000000000178fe       0x34 CMakeFiles/oled_display.elf.dir/src/ssd1306.cpp.obj
 .debug_macro   0x0000000000017932       0x10 CMakeFiles/oled_display.elf.dir/src/ssd1306.cpp.obj
 .debug_macro   0x0000000000017942       0x52 CMakeFiles/oled_display.elf.dir/src/ssd1306.cpp.obj
 .debug_macro   0x0000000000017994      0x182 CMakeFiles/oled_display.elf.dir/src/ssd1306.cpp.obj
 .debug_macro   0x0000000000017b16      0x356 CMakeFiles/oled_display.elf.dir/src/ssd1306.cpp.obj
 .debug_macro   0x0000000000017e6c       0x10 CMakeFiles/oled_display.elf.dir/src/ssd1306.cpp.obj
 .debug_macro   0x0000000000017e7c       0x35 CMakeFiles/oled_display.elf.dir/src/ssd1306.cpp.obj
 .debug_macro   0x0000000000017eb1       0x8e CMakeFiles/oled_display.elf.dir/src/ssd1306.cpp.obj
 .debug_macro   0x0000000000017f3f       0x10 CMakeFiles/oled_display.elf.dir/src/ssd1306.cpp.obj
 .debug_macro   0x0000000000017f4f       0x16 CMakeFiles/oled_display.elf.dir/src/ssd1306.cpp.obj
 .debug_macro   0x0000000000017f65       0x16 CMakeFiles/oled_display.elf.dir/src/ssd1306.cpp.obj
 .debug_macro   0x0000000000017f7b       0x29 CMakeFiles/oled_display.elf.dir/src/ssd1306.cpp.obj
 .debug_macro   0x0000000000017fa4       0x10 CMakeFiles/oled_display.elf.dir/src/ssd1306.cpp.obj
 .debug_macro   0x0000000000017fb4       0x10 CMakeFiles/oled_display.elf.dir/src/ssd1306.cpp.obj
 .debug_macro   0x0000000000017fc4       0xde CMakeFiles/oled_display.elf.dir/src/ssd1306.cpp.obj
 .debug_macro   0x00000000000180a2       0x65 CMakeFiles/oled_display.elf.dir/src/fonts.cpp.obj
 .debug_macro   0x0000000000018107       0x10 CMakeFiles/oled_display.elf.dir/src/fonts.cpp.obj
 .debug_macro   0x0000000000018117      0x155 CMakeFiles/oled_display.elf.dir/src/encoder.c.obj
 .debug_macro   0x000000000001826c      0x157 CMakeFiles/oled_display.elf.dir/media/mohamed/Robotics1/repos/embedded_for_robotics/STM32Cube_FW_F1_V1.8.0/Drivers/STM32F1xx_HAL_Driver/Src/stm32f1xx_hal.c.obj
 .debug_macro   0x00000000000183c3      0x133 CMakeFiles/oled_display.elf.dir/media/mohamed/Robotics1/repos/embedded_for_robotics/STM32Cube_FW_F1_V1.8.0/Drivers/STM32F1xx_HAL_Driver/Src/stm32f1xx_hal_cortex.c.obj
 .debug_macro   0x00000000000184f6      0x19e CMakeFiles/oled_display.elf.dir/media/mohamed/Robotics1/repos/embedded_for_robotics/STM32Cube_FW_F1_V1.8.0/Drivers/STM32F1xx_HAL_Driver/Src/stm32f1xx_hal_gpio.c.obj
 .debug_macro   0x0000000000018694      0x181 CMakeFiles/oled_display.elf.dir/media/mohamed/Robotics1/repos/embedded_for_robotics/STM32Cube_FW_F1_V1.8.0/Drivers/STM32F1xx_HAL_Driver/Src/stm32f1xx_hal_i2c.c.obj
 .debug_macro   0x0000000000018815      0x145 CMakeFiles/oled_display.elf.dir/media/mohamed/Robotics1/repos/embedded_for_robotics/STM32Cube_FW_F1_V1.8.0/Drivers/STM32F1xx_HAL_Driver/Src/stm32f1xx_hal_rcc.c.obj

.debug_line     0x0000000000000000     0x9a28
 .debug_line    0x0000000000000000      0x730 CMakeFiles/oled_display.elf.dir/src/main.cpp.obj
 .debug_line    0x0000000000000730      0x644 CMakeFiles/oled_display.elf.dir/src/stm32f1xx_it.c.obj
 .debug_line    0x0000000000000d74      0x599 CMakeFiles/oled_display.elf.dir/src/stm32f1xx_hal_msp.c.obj
 .debug_line    0x000000000000130d      0x605 CMakeFiles/oled_display.elf.dir/src/system_stm32f1xx.c.obj
 .debug_line    0x0000000000001912      0x746 CMakeFiles/oled_display.elf.dir/src/i2c.cpp.obj
 .debug_line    0x0000000000002058      0xb67 CMakeFiles/oled_display.elf.dir/src/ssd1306.cpp.obj
 .debug_line    0x0000000000002bbf      0x203 CMakeFiles/oled_display.elf.dir/src/fonts.cpp.obj
 .debug_line    0x0000000000002dc2      0x73c CMakeFiles/oled_display.elf.dir/src/encoder.c.obj
 .debug_line    0x00000000000034fe       0xbe CMakeFiles/oled_display.elf.dir/startup/startup_stm32f103xb.s.obj
 .debug_line    0x00000000000035bc      0x841 CMakeFiles/oled_display.elf.dir/media/mohamed/Robotics1/repos/embedded_for_robotics/STM32Cube_FW_F1_V1.8.0/Drivers/STM32F1xx_HAL_Driver/Src/stm32f1xx_hal.c.obj
 .debug_line    0x0000000000003dfd      0xa2f CMakeFiles/oled_display.elf.dir/media/mohamed/Robotics1/repos/embedded_for_robotics/STM32Cube_FW_F1_V1.8.0/Drivers/STM32F1xx_HAL_Driver/Src/stm32f1xx_hal_cortex.c.obj
 .debug_line    0x000000000000482c      0x8da CMakeFiles/oled_display.elf.dir/media/mohamed/Robotics1/repos/embedded_for_robotics/STM32Cube_FW_F1_V1.8.0/Drivers/STM32F1xx_HAL_Driver/Src/stm32f1xx_hal_gpio.c.obj
 .debug_line    0x0000000000005106     0x39d7 CMakeFiles/oled_display.elf.dir/media/mohamed/Robotics1/repos/embedded_for_robotics/STM32Cube_FW_F1_V1.8.0/Drivers/STM32F1xx_HAL_Driver/Src/stm32f1xx_hal_i2c.c.obj
 .debug_line    0x0000000000008add      0xc4d CMakeFiles/oled_display.elf.dir/media/mohamed/Robotics1/repos/embedded_for_robotics/STM32Cube_FW_F1_V1.8.0/Drivers/STM32F1xx_HAL_Driver/Src/stm32f1xx_hal_rcc.c.obj
 .debug_line    0x000000000000972a      0x13f /usr/lib/gcc/arm-none-eabi/10.3.1/../../../arm-none-eabi/lib/thumb/v7-m/nofp/libg_nano.a(lib_a-init.o)
 .debug_line    0x0000000000009869      0x1bf /usr/lib/gcc/arm-none-eabi/10.3.1/../../../arm-none-eabi/lib/thumb/v7-m/nofp/libg_nano.a(lib_a-memset.o)

.debug_str      0x0000000000000000    0x83770
 .debug_str     0x0000000000000000    0x7e41f CMakeFiles/oled_display.elf.dir/src/main.cpp.obj
                                      0x7e95c (size before relaxing)
 .debug_str     0x000000000007e41f      0x2bf CMakeFiles/oled_display.elf.dir/src/stm32f1xx_it.c.obj
                                      0x7b47f (size before relaxing)
 .debug_str     0x000000000007e6de       0xdc CMakeFiles/oled_display.elf.dir/src/stm32f1xx_hal_msp.c.obj
                                      0x7b479 (size before relaxing)
 .debug_str     0x000000000007e7ba       0xb8 CMakeFiles/oled_display.elf.dir/src/system_stm32f1xx.c.obj
                                      0x7b434 (size before relaxing)
 .debug_str     0x000000000007e872       0xc3 CMakeFiles/oled_display.elf.dir/src/i2c.cpp.obj
                                      0x7e3ce (size before relaxing)
 .debug_str     0x000000000007e935     0x2e33 CMakeFiles/oled_display.elf.dir/src/ssd1306.cpp.obj
                                      0x815ba (size before relaxing)
 .debug_str     0x0000000000081768       0x75 CMakeFiles/oled_display.elf.dir/src/fonts.cpp.obj
                                       0x6080 (size before relaxing)
 .debug_str     0x00000000000817dd      0x228 CMakeFiles/oled_display.elf.dir/src/encoder.c.obj
                                      0x7b600 (size before relaxing)
 .debug_str     0x0000000000081a05       0x6c CMakeFiles/oled_display.elf.dir/startup/startup_stm32f103xb.s.obj
                                         0xb4 (size before relaxing)
 .debug_str     0x0000000000081a71      0x612 CMakeFiles/oled_display.elf.dir/media/mohamed/Robotics1/repos/embedded_for_robotics/STM32Cube_FW_F1_V1.8.0/Drivers/STM32F1xx_HAL_Driver/Src/stm32f1xx_hal.c.obj
                                      0x7bb31 (size before relaxing)
 .debug_str     0x0000000000082083      0x2f0 CMakeFiles/oled_display.elf.dir/media/mohamed/Robotics1/repos/embedded_for_robotics/STM32Cube_FW_F1_V1.8.0/Drivers/STM32F1xx_HAL_Driver/Src/stm32f1xx_hal_cortex.c.obj
                                      0x7bab9 (size before relaxing)
 .debug_str     0x0000000000082373      0x36c CMakeFiles/oled_display.elf.dir/media/mohamed/Robotics1/repos/embedded_for_robotics/STM32Cube_FW_F1_V1.8.0/Drivers/STM32F1xx_HAL_Driver/Src/stm32f1xx_hal_gpio.c.obj
                                      0x7b7c8 (size before relaxing)
 .debug_str     0x00000000000826df      0xc04 CMakeFiles/oled_display.elf.dir/media/mohamed/Robotics1/repos/embedded_for_robotics/STM32Cube_FW_F1_V1.8.0/Drivers/STM32F1xx_HAL_Driver/Src/stm32f1xx_hal_i2c.c.obj
                                      0x7c4ab (size before relaxing)
 .debug_str     0x00000000000832e3      0x28d CMakeFiles/oled_display.elf.dir/media/mohamed/Robotics1/repos/embedded_for_robotics/STM32Cube_FW_F1_V1.8.0/Drivers/STM32F1xx_HAL_Driver/Src/stm32f1xx_hal_rcc.c.obj
                                      0x7b840 (size before relaxing)
 .debug_str     0x0000000000083570      0x161 /usr/lib/gcc/arm-none-eabi/10.3.1/../../../arm-none-eabi/lib/thumb/v7-m/nofp/libg_nano.a(lib_a-init.o)
                                        0x203 (size before relaxing)
 .debug_str     0x00000000000836d1       0x9f /usr/lib/gcc/arm-none-eabi/10.3.1/../../../arm-none-eabi/lib/thumb/v7-m/nofp/libg_nano.a(lib_a-memset.o)
                                        0x1b8 (size before relaxing)

.debug_frame    0x0000000000000000     0x1e90
 .debug_frame   0x0000000000000000       0x6c CMakeFiles/oled_display.elf.dir/src/main.cpp.obj
 .debug_frame   0x000000000000006c      0x104 CMakeFiles/oled_display.elf.dir/src/stm32f1xx_it.c.obj
 .debug_frame   0x0000000000000170       0x58 CMakeFiles/oled_display.elf.dir/src/stm32f1xx_hal_msp.c.obj
 .debug_frame   0x00000000000001c8       0x58 CMakeFiles/oled_display.elf.dir/src/system_stm32f1xx.c.obj
 .debug_frame   0x0000000000000220      0x10c CMakeFiles/oled_display.elf.dir/src/i2c.cpp.obj
 .debug_frame   0x000000000000032c      0x214 CMakeFiles/oled_display.elf.dir/src/ssd1306.cpp.obj
 .debug_frame   0x0000000000000540       0x38 CMakeFiles/oled_display.elf.dir/src/fonts.cpp.obj
 .debug_frame   0x0000000000000578      0x17c CMakeFiles/oled_display.elf.dir/src/encoder.c.obj
 .debug_frame   0x00000000000006f4      0x334 CMakeFiles/oled_display.elf.dir/media/mohamed/Robotics1/repos/embedded_for_robotics/STM32Cube_FW_F1_V1.8.0/Drivers/STM32F1xx_HAL_Driver/Src/stm32f1xx_hal.c.obj
 .debug_frame   0x0000000000000a28      0x428 CMakeFiles/oled_display.elf.dir/media/mohamed/Robotics1/repos/embedded_for_robotics/STM32Cube_FW_F1_V1.8.0/Drivers/STM32F1xx_HAL_Driver/Src/stm32f1xx_hal_cortex.c.obj
 .debug_frame   0x0000000000000e50      0x14c CMakeFiles/oled_display.elf.dir/media/mohamed/Robotics1/repos/embedded_for_robotics/STM32Cube_FW_F1_V1.8.0/Drivers/STM32F1xx_HAL_Driver/Src/stm32f1xx_hal_gpio.c.obj
 .debug_frame   0x0000000000000f9c      0xc84 CMakeFiles/oled_display.elf.dir/media/mohamed/Robotics1/repos/embedded_for_robotics/STM32Cube_FW_F1_V1.8.0/Drivers/STM32F1xx_HAL_Driver/Src/stm32f1xx_hal_i2c.c.obj
 .debug_frame   0x0000000000001c20      0x218 CMakeFiles/oled_display.elf.dir/media/mohamed/Robotics1/repos/embedded_for_robotics/STM32Cube_FW_F1_V1.8.0/Drivers/STM32F1xx_HAL_Driver/Src/stm32f1xx_hal_rcc.c.obj
 .debug_frame   0x0000000000001e38       0x2c /usr/lib/gcc/arm-none-eabi/10.3.1/../../../arm-none-eabi/lib/thumb/v7-m/nofp/libg_nano.a(lib_a-init.o)
 .debug_frame   0x0000000000001e64       0x2c /usr/lib/gcc/arm-none-eabi/10.3.1/../../../arm-none-eabi/lib/thumb/v7-m/nofp/libg_nano.a(lib_a-memset.o)

.debug_loc      0x0000000000000000      0x2e6
 .debug_loc     0x0000000000000000       0xba /usr/lib/gcc/arm-none-eabi/10.3.1/../../../arm-none-eabi/lib/thumb/v7-m/nofp/libg_nano.a(lib_a-init.o)
 .debug_loc     0x00000000000000ba      0x22c /usr/lib/gcc/arm-none-eabi/10.3.1/../../../arm-none-eabi/lib/thumb/v7-m/nofp/libg_nano.a(lib_a-memset.o)
